Archive member included to satisfy reference by file (symbol)

app/libapp.a(main.c.obj)      (--whole-archive)
app/libapp.a(flash_map_extended.c.obj)
                              (--whole-archive)
app/libapp.a(os.c.obj)        (--whole-archive)
app/libapp.a(keys.c.obj)      (--whole-archive)
app/libapp.a(image_validate.c.obj)
                              (--whole-archive)
app/libapp.a(tlv.c.obj)       (--whole-archive)
app/libapp.a(encrypted.c.obj)
                              (--whole-archive)
app/libapp.a(image_rsa.c.obj)
                              (--whole-archive)
app/libapp.a(image_ec256.c.obj)
                              (--whole-archive)
app/libapp.a(image_ed25519.c.obj)
                              (--whole-archive)
app/libapp.a(bootutil_misc.c.obj)
                              (--whole-archive)
app/libapp.a(fault_injection_hardening.c.obj)
                              (--whole-archive)
app/libapp.a(loader.c.obj)    (--whole-archive)
app/libapp.a(swap_misc.c.obj)
                              (--whole-archive)
app/libapp.a(swap_scratch.c.obj)
                              (--whole-archive)
app/libapp.a(swap_move.c.obj)
                              (--whole-archive)
app/libapp.a(caps.c.obj)      (--whole-archive)
app/libapp.a(autogen-pubkey.c.obj)
                              (--whole-archive)
app/libapp.a(nrf_cleanup.c.obj)
                              (--whole-archive)
zephyr/libzephyr.a(cbprintf_packaged.c.obj)
                              (--whole-archive)
zephyr/libzephyr.a(crc32c_sw.c.obj)
                              (--whole-archive)
zephyr/libzephyr.a(crc32_sw.c.obj)
                              (--whole-archive)
zephyr/libzephyr.a(crc16_sw.c.obj)
                              (--whole-archive)
zephyr/libzephyr.a(crc8_sw.c.obj)
                              (--whole-archive)
zephyr/libzephyr.a(crc7_sw.c.obj)
                              (--whole-archive)
zephyr/libzephyr.a(dec.c.obj)
                              (--whole-archive)
zephyr/libzephyr.a(fdtable.c.obj)
                              (--whole-archive)
zephyr/libzephyr.a(hex.c.obj)
                              (--whole-archive)
zephyr/libzephyr.a(printk.c.obj)
                              (--whole-archive)
zephyr/libzephyr.a(rb.c.obj)  (--whole-archive)
zephyr/libzephyr.a(sem.c.obj)
                              (--whole-archive)
zephyr/libzephyr.a(thread_entry.c.obj)
                              (--whole-archive)
zephyr/libzephyr.a(timeutil.c.obj)
                              (--whole-archive)
zephyr/libzephyr.a(heap.c.obj)
                              (--whole-archive)
zephyr/libzephyr.a(heap-validate.c.obj)
                              (--whole-archive)
zephyr/libzephyr.a(bitarray.c.obj)
                              (--whole-archive)
zephyr/libzephyr.a(multi_heap.c.obj)
                              (--whole-archive)
zephyr/libzephyr.a(onoff.c.obj)
                              (--whole-archive)
zephyr/libzephyr.a(notify.c.obj)
                              (--whole-archive)
zephyr/libzephyr.a(cbprintf_nano.c.obj)
                              (--whole-archive)
zephyr/libzephyr.a(cbprintf.c.obj)
                              (--whole-archive)
zephyr/libzephyr.a(assert.c.obj)
                              (--whole-archive)
zephyr/libzephyr.a(reboot.c.obj)
                              (--whole-archive)
zephyr/libzephyr.a(configs.c.obj)
                              (--whole-archive)
zephyr/libzephyr.a(soc_nrf_common.S.obj)
                              (--whole-archive)
zephyr/libzephyr.a(validate_base_addresses.c.obj)
                              (--whole-archive)
zephyr/libzephyr.a(validate_enabled_instances.c.obj)
                              (--whole-archive)
zephyr/libzephyr.a(log_minimal.c.obj)
                              (--whole-archive)
zephyr/libzephyr.a(flash_map.c.obj)
                              (--whole-archive)
zephyr/libzephyr.a(flash_map_layout.c.obj)
                              (--whole-archive)
zephyr/libzephyr.a(tracing_none.c.obj)
                              (--whole-archive)
zephyr/libzephyr.a(flash_map_partition_manager.c.obj)
                              (--whole-archive)
zephyr/arch/common/libarch__common.a(sw_isr_common.c.obj)
                              (--whole-archive)
zephyr/arch/arch/arm/core/aarch32/libarch__arm__core__aarch32.a(cpu_idle.S.obj)
                              (--whole-archive)
zephyr/arch/arch/arm/core/aarch32/libarch__arm__core__aarch32.a(fatal.c.obj)
                              (--whole-archive)
zephyr/arch/arch/arm/core/aarch32/libarch__arm__core__aarch32.a(irq_manage.c.obj)
                              (--whole-archive)
zephyr/arch/arch/arm/core/aarch32/libarch__arm__core__aarch32.a(nmi.c.obj)
                              (--whole-archive)
zephyr/arch/arch/arm/core/aarch32/libarch__arm__core__aarch32.a(nmi_on_reset.S.obj)
                              (--whole-archive)
[...]
Memory Configuration

Name             Origin             Length             Attributes
FLASH            0x0000000000000000 0x000000000000c000 xr
RAM              0x0000000020000000 0x0000000000010000 xw
IDT_LIST         0x00000000fffff7ff 0x0000000000000800 xw
*default*        0x0000000000000000 0xffffffffffffffff

Linker script and memory map

LOAD zephyr/CMakeFiles/zephyr_final.dir/misc/empty_file.c.obj
LOAD zephyr/CMakeFiles/zephyr_final.dir/dev_handles.c.obj
LOAD zephyr/CMakeFiles/zephyr_final.dir/isr_tables.c.obj
                0x0000000000000020                _region_min_align = 0x20

.rel.plt        0x0000000000000000        0x0
 *(SORT_BY_ALIGNMENT(.rel.plt))
                [!provide]                        PROVIDE (__rel_iplt_start = .)
 *(SORT_BY_ALIGNMENT(.rel.iplt))
 .rel.iplt      0x0000000000000000        0x0 zephyr/CMakeFiles/zephyr_final.dir/isr_tables.c.obj
                [!provide]                        PROVIDE (__rel_iplt_end = .)

.rela.plt       0x0000000000000000        0x0
 *(SORT_BY_ALIGNMENT(.rela.plt))
                [!provide]                        PROVIDE (__rela_iplt_start = .)
 *(SORT_BY_ALIGNMENT(.rela.iplt))
                [!provide]                        PROVIDE (__rela_iplt_end = .)

.rel.dyn
 *(SORT_BY_ALIGNMENT(.rel.*))

.rela.dyn
 *(SORT_BY_ALIGNMENT(.rela.*))

/DISCARD/
 *(SORT_BY_ALIGNMENT(.plt))

/DISCARD/
 *(SORT_BY_ALIGNMENT(.iplt))
                0x0000000000000000                __rom_region_start = 0x0

rom_start       0x0000000000000000       0xdc
                0x0000000000000000                . = 0x0
                0x0000000000000000                . = ALIGN (0x4)
                0x0000000000000000                . = ALIGN (0x80)
                0x0000000000000000                . = ALIGN (0x100)
                0x0000000000000000                _vector_start = .
 *(SORT_BY_ALIGNMENT(.exc_vector_table))
 *(SORT_BY_ALIGNMENT(.exc_vector_table.*))
 .exc_vector_table._vector_table_section
                0x0000000000000000       0x40 zephyr/arch/arch/arm/core/aarch32/cortex_m/libarch__arm__core__aarch32__cortex_m.a(vector_table.S.obj)
                0x0000000000000000                _vector_table
 *(SORT_BY_ALIGNMENT(.vectors))
                0x00000000000000dc                _vector_end = .
                0x0000000000000040                . = ALIGN (0x4)
 *(SORT_BY_ALIGNMENT(.gnu.linkonce.irq_vector_table*))
 .gnu.linkonce.irq_vector_table
                0x0000000000000040       0x9c zephyr/CMakeFiles/zephyr_final.dir/isr_tables.c.obj
                0x0000000000000040                _irq_vector_table
                0x00000000000000dc                _vector_end = .

text            0x00000000000000dc     0x92f8
                0x00000000000000dc                __text_region_start = .
 *(SORT_BY_ALIGNMENT(.text))
 .text          0x00000000000000dc       0x30 /opt/nordic/ncs/toolchains/v2.2.0/opt/zephyr-sdk/arm-zephyr-eabi/bin/../lib/gcc/arm-zephyr-eabi/12.1.0/thumb/v7e-m/nofp/libgcc.a(_aeabi_uldivmod.o)
                0x00000000000000dc                __aeabi_uldivmod
 .text          0x000000000000010c        0x4 /opt/nordic/ncs/toolchains/v2.2.0/opt/zephyr-sdk/arm-zephyr-eabi/bin/../lib/gcc/arm-zephyr-eabi/12.1.0/thumb/v7e-m/nofp/libgcc.a(_dvmd_tls.o)
                0x000000000000010c                __aeabi_ldiv0
                0x000000000000010c                __aeabi_idiv0
 .text          0x0000000000000110      0x2a0 /opt/nordic/ncs/toolchains/v2.2.0/opt/zephyr-sdk/arm-zephyr-eabi/bin/../lib/gcc/arm-zephyr-eabi/12.1.0/thumb/v7e-m/nofp/libgcc.a(_udivmoddi4.o)
                0x0000000000000110                __udivmoddi4
 *(SORT_BY_ALIGNMENT(.text.*))
 .text.main     0x00000000000003b0       0xd4 app/libapp.a(main.c.obj)
                0x00000000000003b0                main
 .text.flash_device_base
                0x0000000000000484       0x20 app/libapp.a(flash_map_extended.c.obj)
                0x0000000000000484                flash_device_base
 .text.flash_area_sector_from_off
                0x00000000000004a4       0x20 app/libapp.a(flash_map_extended.c.obj)
                0x00000000000004a4                flash_area_sector_from_off
 .text.os_heap_init
                0x00000000000004c4       0x10 app/libapp.a(os.c.obj)
                0x00000000000004c4                os_heap_init
 .text.bootutil_img_validate
                0x00000000000004d4      0x1fc app/libapp.a(image_validate.c.obj)
                0x00000000000004d4                bootutil_img_validate
 .text.bootutil_verify_sig
                0x00000000000006d0      0x1c0 app/libapp.a(image_rsa.c.obj)
                0x00000000000006d0                bootutil_verify_sig
 .text.boot_read_swap_size
                0x0000000000000890       0x7c app/libapp.a(bootutil_misc.c.obj)
                0x0000000000000890                boot_read_swap_size
 .text.bootutil_max_image_size
                0x000000000000090c       0x28 app/libapp.a(bootutil_misc.c.obj)
                0x000000000000090c                bootutil_max_image_size
 .text.boot_validate_slot.isra.0
                0x0000000000000934       0xf8 app/libapp.a(loader.c.obj)
 .text.boot_swap_image
                0x0000000000000a2c       0x7c app/libapp.a(loader.c.obj)
 .text.boot_copy_region
                0x0000000000000aa8       0x84 app/libapp.a(loader.c.obj)
                0x0000000000000aa8                boot_copy_region
 .text.context_boot_go
                0x0000000000000b2c      0x260 app/libapp.a(loader.c.obj)
                0x0000000000000b2c                context_boot_go
 .text.boot_go  0x0000000000000d8c       0x20 app/libapp.a(loader.c.obj)
                0x0000000000000d8c                boot_go
 .text.boot_read_image_header
                0x0000000000000dac       0x9c app/libapp.a(swap_move.c.obj)
                0x0000000000000dac                boot_read_image_header
 .text.swap_read_status_bytes
                0x0000000000000e48       0xc8 app/libapp.a(swap_move.c.obj)
                0x0000000000000e48                swap_read_status_bytes
 .text.boot_slots_compatible
                0x0000000000000f10       0x6c app/libapp.a(swap_move.c.obj)
                0x0000000000000f10                boot_slots_compatible
 .text.swap_status_source
                0x0000000000000f7c       0xcc app/libapp.a(swap_move.c.obj)
                0x0000000000000f7c                swap_status_source
 .text.fixup_revert
                0x0000000000001048       0x98 app/libapp.a(swap_move.c.obj)
                0x0000000000001048                fixup_revert
 .text.swap_run
                0x00000000000010e0      0x214 app/libapp.a(swap_move.c.obj)
                0x00000000000010e0                swap_run
 .text.nrf_cleanup_peripheral
                0x00000000000012f4       0x54 app/libapp.a(nrf_cleanup.c.obj)
                0x00000000000012f4                nrf_cleanup_peripheral
 .text.char_out
                0x0000000000001348        0xc zephyr/libzephyr.a(printk.c.obj)
 .text.__printk_hook_install
                0x0000000000001354        0xc zephyr/libzephyr.a(printk.c.obj)
                0x0000000000001354                __printk_hook_install
 .text.vprintk  0x0000000000001360       0x1c zephyr/libzephyr.a(printk.c.obj)
                0x0000000000001360                vprintk
 .text.process_event
                0x000000000000137c      0x21c zephyr/libzephyr.a(onoff.c.obj)
 .text.z_cbvprintf_impl
                0x0000000000001598      0x448 zephyr/libzephyr.a(cbprintf_nano.c.obj)
                0x0000000000001598                z_cbvprintf_impl
 .text.z_arm_platform_init
                0x00000000000019e0        0x4 zephyr/libzephyr.a(soc_nrf_common.S.obj)
                0x00000000000019e0                z_arm_platform_init
 .text.flash_area_open
                0x00000000000019e4       0x50 zephyr/libzephyr.a(flash_map.c.obj)
                0x00000000000019e4                flash_area_open
 .text.flash_area_get_sectors
                0x0000000000001a34       0x60 zephyr/libzephyr.a(flash_map_layout.c.obj)
                0x0000000000001a34                flash_area_get_sectors
 .text.z_arm_cpu_idle_init
                0x0000000000001a94        0xc zephyr/arch/arch/arm/core/aarch32/libarch__arm__core__aarch32.a(cpu_idle.S.obj)
                0x0000000000001a94                z_arm_cpu_idle_init
 .text.arch_cpu_idle
                0x0000000000001aa0       0x1c zephyr/arch/arch/arm/core/aarch32/libarch__arm__core__aarch32.a(cpu_idle.S.obj)
                0x0000000000001aa0                arch_cpu_idle
 .text.arch_cpu_atomic_idle
                0x0000000000001abc       0x14 zephyr/arch/arch/arm/core/aarch32/libarch__arm__core__aarch32.a(cpu_idle.S.obj)
                0x0000000000001abc                arch_cpu_atomic_idle
 .text.z_arm_fatal_error
                0x0000000000001ad0       0x5c zephyr/arch/arch/arm/core/aarch32/libarch__arm__core__aarch32.a(fatal.c.obj)
                0x0000000000001ad0                z_arm_fatal_error
 .text.arch_irq_enable
                0x0000000000001b2c       0x1c zephyr/arch/arch/arm/core/aarch32/libarch__arm__core__aarch32.a(irq_manage.c.obj)
                0x0000000000001b2c                arch_irq_enable
 .text.arch_irq_is_enabled
                0x0000000000001b48       0x1c zephyr/arch/arch/arm/core/aarch32/libarch__arm__core__aarch32.a(irq_manage.c.obj)
                0x0000000000001b48                arch_irq_is_enabled
 .text.z_arm_irq_priority_set
                0x0000000000001b64       0x30 zephyr/arch/arch/arm/core/aarch32/libarch__arm__core__aarch32.a(irq_manage.c.obj)
                0x0000000000001b64                z_arm_irq_priority_set
 .text.z_SysNmiOnReset
                0x0000000000001b94        0x8 zephyr/arch/arch/arm/core/aarch32/libarch__arm__core__aarch32.a(nmi_on_reset.S.obj)
                0x0000000000001b94                z_SysNmiOnReset
 .text.z_arm_prep_c
                0x0000000000001b9c       0x38 zephyr/arch/arch/arm/core/aarch32/libarch__arm__core__aarch32.a(prep_c.c.obj)
                0x0000000000001b9c                z_arm_prep_c
 .text.arch_swap
                0x0000000000001bd4       0x34 zephyr/arch/arch/arm/core/aarch32/libarch__arm__core__aarch32.a(swap.c.obj)
                0x0000000000001bd4                arch_swap
 .text.z_arm_pendsv
                0x0000000000001c08       0x54 zephyr/arch/arch/arm/core/aarch32/libarch__arm__core__aarch32.a(swap_helper.S.obj)
                0x0000000000001c08                z_arm_pendsv
 .text.z_arm_svc
                0x0000000000001c5c       0x20 zephyr/arch/arch/arm/core/aarch32/libarch__arm__core__aarch32.a(swap_helper.S.obj)
                0x0000000000001c5c                z_arm_svc
 .text.arch_new_thread
                0x0000000000001c7c       0x38 zephyr/arch/arch/arm/core/aarch32/libarch__arm__core__aarch32.a(thread.c.obj)
                0x0000000000001c7c                arch_new_thread
 .text.z_check_thread_stack_fail
                0x0000000000001cb4       0x2c zephyr/arch/arch/arm/core/aarch32/libarch__arm__core__aarch32.a(thread.c.obj)
                0x0000000000001cb4                z_check_thread_stack_fail
 .text.arch_switch_to_main_thread
                0x0000000000001ce0       0x2c zephyr/arch/arch/arm/core/aarch32/libarch__arm__core__aarch32.a(thread.c.obj)
                0x0000000000001ce0                arch_switch_to_main_thread
 .text._isr_wrapper
                0x0000000000001d0c       0x28 zephyr/arch/arch/arm/core/aarch32/libarch__arm__core__aarch32.a(isr_wrapper.S.obj)
                0x0000000000001d0c                _isr_wrapper
 .text._HandlerModeExit
                0x0000000000001d34       0x1c zephyr/arch/arch/arm/core/aarch32/cortex_m/libarch__arm__core__aarch32__cortex_m.a(exc_exit.S.obj)
                0x0000000000001d34                z_arm_exc_exit
                0x0000000000001d34                z_arm_int_exit
 .text.mem_manage_fault
                0x0000000000001d50       0xf0 zephyr/arch/arch/arm/core/aarch32/cortex_m/libarch__arm__core__aarch32__cortex_m.a(fault.c.obj)
 .text.usage_fault.constprop.0
                0x0000000000001e40       0x98 zephyr/arch/arch/arm/core/aarch32/cortex_m/libarch__arm__core__aarch32__cortex_m.a(fault.c.obj)
 .text.bus_fault.constprop.0
                0x0000000000001ed8       0xb4 zephyr/arch/arch/arm/core/aarch32/cortex_m/libarch__arm__core__aarch32__cortex_m.a(fault.c.obj)
 .text.z_arm_fault
                0x0000000000001f8c      0x1a8 zephyr/arch/arch/arm/core/aarch32/cortex_m/libarch__arm__core__aarch32__cortex_m.a(fault.c.obj)
                0x0000000000001f8c                z_arm_fault
 .text.z_arm_fault_init
                0x0000000000002134       0x10 zephyr/arch/arch/arm/core/aarch32/cortex_m/libarch__arm__core__aarch32__cortex_m.a(fault.c.obj)
                0x0000000000002134                z_arm_fault_init
 .text.__fault  0x0000000000002144       0x14 zephyr/arch/arch/arm/core/aarch32/cortex_m/libarch__arm__core__aarch32__cortex_m.a(fault_s.S.obj)
                0x0000000000002144                z_arm_bus_fault
                0x0000000000002144                z_arm_usage_fault
                0x0000000000002144                z_arm_mpu_fault
                0x0000000000002144                z_arm_exc_spurious
                0x0000000000002144                z_arm_debug_monitor
                0x0000000000002144                z_arm_hard_fault
 .text.z_arm_interrupt_init
                0x0000000000002158       0x18 zephyr/arch/arch/arm/core/aarch32/cortex_m/libarch__arm__core__aarch32__cortex_m.a(irq_init.c.obj)
                0x0000000000002158                z_arm_interrupt_init
 .text._reset_section
                0x0000000000002170       0x54 zephyr/arch/arch/arm/core/aarch32/cortex_m/libarch__arm__core__aarch32__cortex_m.a(reset.S.obj)
                0x0000000000002170                z_arm_reset
                0x0000000000002170                __start
 .text.z_arm_clear_arm_mpu_config
                0x00000000000021c4       0x24 zephyr/arch/arch/arm/core/aarch32/cortex_m/libarch__arm__core__aarch32__cortex_m.a(scb.c.obj)
                0x00000000000021c4                z_arm_clear_arm_mpu_config
 .text.z_arm_init_arch_hw_at_boot
                0x00000000000021e8       0x64 zephyr/arch/arch/arm/core/aarch32/cortex_m/libarch__arm__core__aarch32__cortex_m.a(scb.c.obj)
                0x00000000000021e8                z_arm_init_arch_hw_at_boot
 .text.z_impl_k_thread_abort
                0x000000000000224c       0x2c zephyr/arch/arch/arm/core/aarch32/cortex_m/libarch__arm__core__aarch32__cortex_m.a(thread_abort.c.obj)
                0x000000000000224c                z_impl_k_thread_abort
 .text.z_arm_configure_static_mpu_regions
                0x0000000000002278       0x18 zephyr/arch/arch/arm/core/aarch32/mpu/libarch__arm__core__aarch32__mpu.a(arm_core_mpu.c.obj)
                0x0000000000002278                z_arm_configure_static_mpu_regions
 .text.z_arm_configure_dynamic_mpu_regions
                0x0000000000002290       0x20 zephyr/arch/arch/arm/core/aarch32/mpu/libarch__arm__core__aarch32__mpu.a(arm_core_mpu.c.obj)
                0x0000000000002290                z_arm_configure_dynamic_mpu_regions
 .text.mpu_configure_regions
                0x00000000000022b0       0xa0 zephyr/arch/arch/arm/core/aarch32/mpu/libarch__arm__core__aarch32__mpu.a(arm_mpu.c.obj)
 .text.arm_core_mpu_enable
                0x0000000000002350       0x18 zephyr/arch/arch/arm/core/aarch32/mpu/libarch__arm__core__aarch32__mpu.a(arm_mpu.c.obj)
                0x0000000000002350                arm_core_mpu_enable
 .text.arm_core_mpu_disable
                0x0000000000002368       0x14 zephyr/arch/arch/arm/core/aarch32/mpu/libarch__arm__core__aarch32__mpu.a(arm_mpu.c.obj)
                0x0000000000002368                arm_core_mpu_disable
 .text.arm_core_mpu_configure_static_mpu_regions
                0x000000000000237c       0x14 zephyr/arch/arch/arm/core/aarch32/mpu/libarch__arm__core__aarch32__mpu.a(arm_mpu.c.obj)
                0x000000000000237c                arm_core_mpu_configure_static_mpu_regions
 .text.arm_core_mpu_configure_dynamic_mpu_regions
                0x0000000000002390       0x30 zephyr/arch/arch/arm/core/aarch32/mpu/libarch__arm__core__aarch32__mpu.a(arm_mpu.c.obj)
                0x0000000000002390                arm_core_mpu_configure_dynamic_mpu_regions
 .text.z_arm_mpu_init
                0x00000000000023c0       0x60 zephyr/arch/arch/arm/core/aarch32/mpu/libarch__arm__core__aarch32__mpu.a(arm_mpu.c.obj)
                0x00000000000023c0                z_arm_mpu_init
 .text.__stdout_hook_install
                0x0000000000002420        0xc zephyr/lib/libc/minimal/liblib__libc__minimal.a(stdout_console.c.obj)
                0x0000000000002420                __stdout_hook_install
 .text.nordicsemi_nrf52_init
                0x000000000000242c       0x28 zephyr/soc/arm/nordic_nrf/nrf52/libsoc__arm__nordic_nrf__nrf52.a(soc.c.obj)
 .text.sys_arch_reboot
                0x0000000000002454       0x2c zephyr/soc/arm/nordic_nrf/nrf52/libsoc__arm__nordic_nrf__nrf52.a(soc.c.obj)
                0x0000000000002454                sys_arch_reboot
 .text.arch_busy_wait
                0x0000000000002480       0x14 zephyr/soc/arm/nordic_nrf/nrf52/libsoc__arm__nordic_nrf__nrf52.a(soc.c.obj)
                0x0000000000002480                arch_busy_wait
 .text.onoff_stop
                0x0000000000002494       0x30 zephyr/drivers/clock_control/libdrivers__clock_control.a(clock_control_nrf.c.obj)
 .text.onoff_start
                0x00000000000024c4       0x44 zephyr/drivers/clock_control/libdrivers__clock_control.a(clock_control_nrf.c.obj)
 .text.clk_init
                0x0000000000002508       0x58 zephyr/drivers/clock_control/libdrivers__clock_control.a(clock_control_nrf.c.obj)
 .text.clkstarted_handle.constprop.0
                0x0000000000002560       0x34 zephyr/drivers/clock_control/libdrivers__clock_control.a(clock_control_nrf.c.obj)
 .text.clock_event_handler
                0x0000000000002594       0x1c zephyr/drivers/clock_control/libdrivers__clock_control.a(clock_control_nrf.c.obj)
 .text.generic_hfclk_start
                0x00000000000025b0       0x64 zephyr/drivers/clock_control/libdrivers__clock_control.a(clock_control_nrf.c.obj)
 .text.api_blocking_start
                0x0000000000002614       0x34 zephyr/drivers/clock_control/libdrivers__clock_control.a(clock_control_nrf.c.obj)
 .text.lfclk_start
                0x0000000000002648       0x24 zephyr/drivers/clock_control/libdrivers__clock_control.a(clock_control_nrf.c.obj)
 .text.generic_hfclk_stop
                0x000000000000266c       0x2c zephyr/drivers/clock_control/libdrivers__clock_control.a(clock_control_nrf.c.obj)
 .text.z_nrf_clock_control_lf_on
                0x0000000000002698       0xfc zephyr/drivers/clock_control/libdrivers__clock_control.a(clock_control_nrf.c.obj)
                0x0000000000002698                z_nrf_clock_control_lf_on
 .text.uart_console_init
                0x0000000000002794       0x28 zephyr/drivers/console/libdrivers__console.a(uart_console.c.obj)
 .text.console_out
                0x00000000000027bc       0x28 zephyr/drivers/console/libdrivers__console.a(uart_console.c.obj)
 .text.gpio_nrfx_pin_interrupt_configure
                0x00000000000027e4       0xc8 zephyr/drivers/gpio/libdrivers__gpio.a(gpio_nrfx.c.obj)
 .text.gpio_nrfx_init
                0x00000000000028ac       0x38 zephyr/drivers/gpio/libdrivers__gpio.a(gpio_nrfx.c.obj)
 .text.nrfx_gpio_handler
                0x00000000000028e4       0x3c zephyr/drivers/gpio/libdrivers__gpio.a(gpio_nrfx.c.obj)
 .text.gpio_nrfx_pin_configure
                0x0000000000002920      0x128 zephyr/drivers/gpio/libdrivers__gpio.a(gpio_nrfx.c.obj)
 .text.sx1509b_init
                0x0000000000002a48      0x10c zephyr/drivers/gpio/libdrivers__gpio.a(gpio_sx1509b.c.obj)
 .text.i2c_nrfx_twim_configure
                0x0000000000002b54       0x3c zephyr/drivers/i2c/libdrivers__i2c.a(i2c_nrfx_twim.c.obj)
 .text.i2c_nrfx_twim_init
                0x0000000000002b90       0x50 zephyr/drivers/i2c/libdrivers__i2c.a(i2c_nrfx_twim.c.obj)
 .text.i2c_nrfx_twim_recover_bus
                0x0000000000002be0       0x3c zephyr/drivers/i2c/libdrivers__i2c.a(i2c_nrfx_twim.c.obj)
 .text.event_handler
                0x0000000000002c1c       0x34 zephyr/drivers/i2c/libdrivers__i2c.a(i2c_nrfx_twim.c.obj)
 .text.i2c_nrfx_twim_transfer
                0x0000000000002c50      0x1d8 zephyr/drivers/i2c/libdrivers__i2c.a(i2c_nrfx_twim.c.obj)
 .text.common_init.isra.0
                0x0000000000002e28       0x78 zephyr/drivers/regulator/libdrivers__regulator.a(regulator_fixed.c.obj)
 .text.regulator_fixed_init_sync
                0x0000000000002ea0       0x20 zephyr/drivers/regulator/libdrivers__regulator.a(regulator_fixed.c.obj)
 .text.regulator_fixed_init_onoff
                0x0000000000002ec0       0x44 zephyr/drivers/regulator/libdrivers__regulator.a(regulator_fixed.c.obj)
 .text.finalize_transition
                0x0000000000002f04       0x78 zephyr/drivers/regulator/libdrivers__regulator.a(regulator_fixed.c.obj)
 .text.flash_nrf_pages_layout
                0x0000000000002f7c       0x10 zephyr/drivers/flash/libdrivers__flash.a(soc_flash_nrf.c.obj)
 .text.flash_nrf_get_parameters
                0x0000000000002f8c        0x8 zephyr/drivers/flash/libdrivers__flash.a(soc_flash_nrf.c.obj)
 .text.flash_nrf_read
                0x0000000000002f94       0x38 zephyr/drivers/flash/libdrivers__flash.a(soc_flash_nrf.c.obj)
 .text.nrf_flash_init
                0x0000000000002fcc       0x28 zephyr/drivers/flash/libdrivers__flash.a(soc_flash_nrf.c.obj)
 .text.flash_nrf_erase
                0x0000000000002ff4       0x84 zephyr/drivers/flash/libdrivers__flash.a(soc_flash_nrf.c.obj)
 .text.flash_nrf_write
                0x0000000000003078       0x84 zephyr/drivers/flash/libdrivers__flash.a(soc_flash_nrf.c.obj)
 .text.uarte_nrfx_configure
                0x00000000000030fc      0x15c zephyr/drivers/serial/libdrivers__serial.a(uart_nrfx_uarte.c.obj)
 .text.uarte_0_init
                0x0000000000003258      0x104 zephyr/drivers/serial/libdrivers__serial.a(uart_nrfx_uarte.c.obj)
 .text.uarte_nrfx_poll_out
                0x000000000000335c       0xcc zephyr/drivers/serial/libdrivers__serial.a(uart_nrfx_uarte.c.obj)
 .text.compare_int_lock
                0x0000000000003428       0x48 zephyr/drivers/timer/libdrivers__timer.a(nrf_rtc_timer.c.obj)
 .text.sys_clock_timeout_handler
                0x0000000000003470       0x80 zephyr/drivers/timer/libdrivers__timer.a(nrf_rtc_timer.c.obj)
 .text.compare_int_unlock
                0x00000000000034f0       0x5c zephyr/drivers/timer/libdrivers__timer.a(nrf_rtc_timer.c.obj)
 .text.z_nrf_rtc_timer_read
                0x000000000000354c       0x44 zephyr/drivers/timer/libdrivers__timer.a(nrf_rtc_timer.c.obj)
                0x000000000000354c                z_nrf_rtc_timer_read
 .text.compare_set
                0x0000000000003590      0x148 zephyr/drivers/timer/libdrivers__timer.a(nrf_rtc_timer.c.obj)
 .text.sys_clock_driver_init
                0x00000000000036d8       0x80 zephyr/drivers/timer/libdrivers__timer.a(nrf_rtc_timer.c.obj)
 .text.rtc_nrf_isr
                0x0000000000003758       0xe4 zephyr/drivers/timer/libdrivers__timer.a(nrf_rtc_timer.c.obj)
                0x0000000000003758                rtc_nrf_isr
 .text.sys_clock_set_timeout
                0x000000000000383c       0x64 zephyr/drivers/timer/libdrivers__timer.a(nrf_rtc_timer.c.obj)
                0x000000000000383c                sys_clock_set_timeout
 .text.sys_clock_elapsed
                0x00000000000038a0       0x14 zephyr/drivers/timer/libdrivers__timer.a(nrf_rtc_timer.c.obj)
                0x00000000000038a0                sys_clock_elapsed
 .text.k_sys_fatal_error_handler
                0x00000000000038b4       0x14 modules/nrf/lib/fatal_error/lib..__nrf__lib__fatal_error.a(fatal_error.c.obj)
                0x00000000000038b4                k_sys_fatal_error_handler
 .text.boot_write_magic
                0x00000000000038c8       0x40 modules/mcuboot/boot/bootutil/zephyr/libmcuboot_util.a(bootutil_public.c.obj)
                0x00000000000038c8                boot_write_magic
 .text.boot_read_swap_state
                0x0000000000003908       0xac modules/mcuboot/boot/bootutil/zephyr/libmcuboot_util.a(bootutil_public.c.obj)
                0x0000000000003908                boot_read_swap_state
 .text.boot_swap_type_multi
                0x00000000000039b4       0xec modules/mcuboot/boot/bootutil/zephyr/libmcuboot_util.a(bootutil_public.c.obj)
                0x00000000000039b4                boot_swap_type_multi
 .text.verify_header
                0x0000000000003aa0       0x40 modules/mbedtls/libmodules__mbedtls.a(memory_buffer_alloc.c.obj)
 .text.verify_chain
                0x0000000000003ae0       0x3c modules/mbedtls/libmodules__mbedtls.a(memory_buffer_alloc.c.obj)
 .text.buffer_alloc_calloc
                0x0000000000003b1c      0x114 modules/mbedtls/libmodules__mbedtls.a(memory_buffer_alloc.c.obj)
 .text.buffer_alloc_free
                0x0000000000003c30      0x124 modules/mbedtls/libmodules__mbedtls.a(memory_buffer_alloc.c.obj)
 .text.mbedtls_memory_buffer_alloc_init
                0x0000000000003d54       0x68 modules/mbedtls/libmodules__mbedtls.a(memory_buffer_alloc.c.obj)
                0x0000000000003d54                mbedtls_memory_buffer_alloc_init
 .text.mbedtls_calloc
                0x0000000000003dbc        0xc modules/mbedtls/libmodules__mbedtls.a(platform.c.obj)
                0x0000000000003dbc                mbedtls_calloc
 .text.mbedtls_free
                0x0000000000003dc8        0xc modules/mbedtls/libmodules__mbedtls.a(platform.c.obj)
                0x0000000000003dc8                mbedtls_free
 .text.mbedtls_platform_set_calloc_free
                0x0000000000003dd4       0x14 modules/mbedtls/libmodules__mbedtls.a(platform.c.obj)
                0x0000000000003dd4                mbedtls_platform_set_calloc_free
 .text.mbedtls_platform_zeroize
                0x0000000000003de8       0x14 modules/mbedtls/libmodules__mbedtls.a(platform_util.c.obj)
                0x0000000000003de8                mbedtls_platform_zeroize
 .text.rsa_check_context.constprop.0
                0x0000000000003dfc       0xb8 modules/mbedtls/libmodules__mbedtls.a(rsa.c.obj)
 .text.mbedtls_rsa_check_pubkey
                0x0000000000003eb4       0x4c modules/mbedtls/libmodules__mbedtls.a(rsa.c.obj)
                0x0000000000003eb4                mbedtls_rsa_check_pubkey
 .text.mbedtls_rsa_public
                0x0000000000003f00       0x90 modules/mbedtls/libmodules__mbedtls.a(rsa.c.obj)
                0x0000000000003f00                mbedtls_rsa_public
 .text.mbedtls_sha256_starts
                0x0000000000003f90       0xc4 modules/mbedtls/libmodules__mbedtls.a(sha256.c.obj)
                0x0000000000003f90                mbedtls_sha256_starts
 .text.mbedtls_internal_sha256_process
                0x0000000000004054      0x148 modules/mbedtls/libmodules__mbedtls.a(sha256.c.obj)
                0x0000000000004054                mbedtls_internal_sha256_process
 .text.nrf52_errata_16
                0x000000000000419c       0x28 modules/hal_nordic/nrfx/libmodules__hal_nordic__nrfx.a(system_nrf52.c.obj)
 .text.nvmc_wait
                0x00000000000041c4       0x10 modules/hal_nordic/nrfx/libmodules__hal_nordic__nrfx.a(system_nrf52.c.obj)
                0x00000000000041c4                nvmc_wait
 .text.SystemInit
                0x00000000000041d4      0x288 modules/hal_nordic/nrfx/libmodules__hal_nordic__nrfx.a(system_nrf52.c.obj)
                0x00000000000041d4                SystemInit
 .text.nrfx_flag32_alloc
                0x000000000000445c       0x40 modules/hal_nordic/nrfx/libmodules__hal_nordic__nrfx.a(nrfx_flag32_allocator.c.obj)
                0x000000000000445c                nrfx_flag32_alloc
 .text.nrfx_flag32_free
                0x000000000000449c       0x40 modules/hal_nordic/nrfx/libmodules__hal_nordic__nrfx.a(nrfx_flag32_allocator.c.obj)
                0x000000000000449c                nrfx_flag32_free
 .text.clock_stop
                0x00000000000044dc       0xc8 modules/hal_nordic/nrfx/libmodules__hal_nordic__nrfx.a(nrfx_clock.c.obj)
 .text.nrfx_clock_init
                0x00000000000045a4       0x20 modules/hal_nordic/nrfx/libmodules__hal_nordic__nrfx.a(nrfx_clock.c.obj)
                0x00000000000045a4                nrfx_clock_init
 .text.nrfx_clock_start
                0x00000000000045c4       0xb0 modules/hal_nordic/nrfx/libmodules__hal_nordic__nrfx.a(nrfx_clock.c.obj)
                0x00000000000045c4                nrfx_clock_start
 .text.nrfx_power_clock_irq_handler
                0x0000000000004674       0x68 modules/hal_nordic/nrfx/libmodules__hal_nordic__nrfx.a(nrfx_clock.c.obj)
                0x0000000000004674                nrfx_power_clock_irq_handler
 .text.pin_in_use_by_te
                0x00000000000046dc       0x14 modules/hal_nordic/nrfx/libmodules__hal_nordic__nrfx.a(nrfx_gpiote.c.obj)
 .text.call_handler
                0x00000000000046f0       0x3c modules/hal_nordic/nrfx/libmodules__hal_nordic__nrfx.a(nrfx_gpiote.c.obj)
 .text.release_handler
                0x000000000000472c       0x54 modules/hal_nordic/nrfx/libmodules__hal_nordic__nrfx.a(nrfx_gpiote.c.obj)
 .text.pin_handler_trigger_uninit
                0x0000000000004780       0x38 modules/hal_nordic/nrfx/libmodules__hal_nordic__nrfx.a(nrfx_gpiote.c.obj)
 .text.nrfx_gpiote_input_configure
                0x00000000000047b8      0x15c modules/hal_nordic/nrfx/libmodules__hal_nordic__nrfx.a(nrfx_gpiote.c.obj)
                0x00000000000047b8                nrfx_gpiote_input_configure
 .text.nrfx_gpiote_output_configure
                0x0000000000004914       0xfc modules/hal_nordic/nrfx/libmodules__hal_nordic__nrfx.a(nrfx_gpiote.c.obj)
                0x0000000000004914                nrfx_gpiote_output_configure
 .text.nrfx_gpiote_global_callback_set
                0x0000000000004a10        0xc modules/hal_nordic/nrfx/libmodules__hal_nordic__nrfx.a(nrfx_gpiote.c.obj)
                0x0000000000004a10                nrfx_gpiote_global_callback_set
 .text.nrfx_gpiote_channel_get
                0x0000000000004a1c       0x2c modules/hal_nordic/nrfx/libmodules__hal_nordic__nrfx.a(nrfx_gpiote.c.obj)
                0x0000000000004a1c                nrfx_gpiote_channel_get
 .text.nrfx_gpiote_init
                0x0000000000004a48       0x50 modules/hal_nordic/nrfx/libmodules__hal_nordic__nrfx.a(nrfx_gpiote.c.obj)
                0x0000000000004a48                nrfx_gpiote_init
 .text.nrfx_gpiote_is_init
                0x0000000000004a98       0x14 modules/hal_nordic/nrfx/libmodules__hal_nordic__nrfx.a(nrfx_gpiote.c.obj)
                0x0000000000004a98                nrfx_gpiote_is_init
 .text.nrfx_gpiote_channel_free
                0x0000000000004aac        0xc modules/hal_nordic/nrfx/libmodules__hal_nordic__nrfx.a(nrfx_gpiote.c.obj)
                0x0000000000004aac                nrfx_gpiote_channel_free
 .text.nrfx_gpiote_channel_alloc
                0x0000000000004ab8        0xc modules/hal_nordic/nrfx/libmodules__hal_nordic__nrfx.a(nrfx_gpiote.c.obj)
                0x0000000000004ab8                nrfx_gpiote_channel_alloc
 .text.nrfx_gpiote_trigger_enable
                0x0000000000004ac4       0x88 modules/hal_nordic/nrfx/libmodules__hal_nordic__nrfx.a(nrfx_gpiote.c.obj)
                0x0000000000004ac4                nrfx_gpiote_trigger_enable
 .text.nrfx_gpiote_trigger_disable
                0x0000000000004b4c       0x50 modules/hal_nordic/nrfx/libmodules__hal_nordic__nrfx.a(nrfx_gpiote.c.obj)
                0x0000000000004b4c                nrfx_gpiote_trigger_disable
 .text.nrfx_gpiote_pin_uninit
                0x0000000000004b9c       0x44 modules/hal_nordic/nrfx/libmodules__hal_nordic__nrfx.a(nrfx_gpiote.c.obj)
                0x0000000000004b9c                nrfx_gpiote_pin_uninit
 .text.nrfx_gpiote_irq_handler
                0x0000000000004be0      0x154 modules/hal_nordic/nrfx/libmodules__hal_nordic__nrfx.a(nrfx_gpiote.c.obj)
                0x0000000000004be0                nrfx_gpiote_irq_handler
 .text.nvmc_word_write
                0x0000000000004d34       0x18 modules/hal_nordic/nrfx/libmodules__hal_nordic__nrfx.a(nrfx_nvmc.c.obj)
 .text.nrfx_nvmc_page_erase
                0x0000000000004d4c       0x40 modules/hal_nordic/nrfx/libmodules__hal_nordic__nrfx.a(nrfx_nvmc.c.obj)
                0x0000000000004d4c                nrfx_nvmc_page_erase
 .text.nrfx_nvmc_word_write
                0x0000000000004d8c       0x1c modules/hal_nordic/nrfx/libmodules__hal_nordic__nrfx.a(nrfx_nvmc.c.obj)
                0x0000000000004d8c                nrfx_nvmc_word_write
 .text.nrfx_ppi_channel_alloc
                0x0000000000004da8        0xc modules/hal_nordic/nrfx/libmodules__hal_nordic__nrfx.a(nrfx_ppi.c.obj)
                0x0000000000004da8                nrfx_ppi_channel_alloc
 .text.twim_irq_handler
                0x0000000000004db4      0x174 modules/hal_nordic/nrfx/libmodules__hal_nordic__nrfx.a(nrfx_twim.c.obj)
 .text.nrfx_twim_init
                0x0000000000004f28       0xa4 modules/hal_nordic/nrfx/libmodules__hal_nordic__nrfx.a(nrfx_twim.c.obj)
                0x0000000000004f28                nrfx_twim_init
 .text.nrfx_twim_enable
                0x0000000000004fcc       0x20 modules/hal_nordic/nrfx/libmodules__hal_nordic__nrfx.a(nrfx_twim.c.obj)
                0x0000000000004fcc                nrfx_twim_enable
 .text.nrfx_twim_disable
                0x0000000000004fec       0x3c modules/hal_nordic/nrfx/libmodules__hal_nordic__nrfx.a(nrfx_twim.c.obj)
                0x0000000000004fec                nrfx_twim_disable
 .text.nrfx_twim_xfer
                0x0000000000005028      0x318 modules/hal_nordic/nrfx/libmodules__hal_nordic__nrfx.a(nrfx_twim.c.obj)
                0x0000000000005028                nrfx_twim_xfer
 .text.nrfx_twim_0_irq_handler
                0x0000000000005340       0x10 modules/hal_nordic/nrfx/libmodules__hal_nordic__nrfx.a(nrfx_twim.c.obj)
                0x0000000000005340                nrfx_twim_0_irq_handler
 .text.nrfx_twim_1_irq_handler
                0x0000000000005350       0x10 modules/hal_nordic/nrfx/libmodules__hal_nordic__nrfx.a(nrfx_twim.c.obj)
                0x0000000000005350                nrfx_twim_1_irq_handler
 .text.nrfx_twi_twim_bus_recover
                0x0000000000005360       0x90 modules/hal_nordic/nrfx/libmodules__hal_nordic__nrfx.a(nrfx_twi_twim.c.obj)
                0x0000000000005360                nrfx_twi_twim_bus_recover
 .text._DoInit  0x00000000000053f0       0x6c modules/segger/libmodules__segger.a(SEGGER_RTT.c.obj)
 .text.z_fatal_error
                0x000000000000545c       0x98 zephyr/kernel/libkernel.a(fatal.c.obj)
                0x000000000000545c                z_fatal_error
 .text.z_sys_init_run_level
                0x00000000000054f4       0x44 zephyr/kernel/libkernel.a(init.c.obj)
 .text.bg_thread_main
                0x0000000000005538       0x34 zephyr/kernel/libkernel.a(init.c.obj)
 .text.z_bss_zero
                0x000000000000556c       0x18 zephyr/kernel/libkernel.a(init.c.obj)
                0x000000000000556c                z_bss_zero
 .text.z_init_cpu
                0x0000000000005584       0x70 zephyr/kernel/libkernel.a(init.c.obj)
                0x0000000000005584                z_init_cpu
 .text.z_cstart
                0x00000000000055f4       0xdc zephyr/kernel/libkernel.a(init.c.obj)
                0x00000000000055f4                z_cstart
 .text.z_setup_new_thread
                0x00000000000056d0       0x64 zephyr/kernel/libkernel.a(thread.c.obj)
                0x00000000000056d0                z_setup_new_thread
 .text.z_impl_k_thread_create
                0x0000000000005734       0x58 zephyr/kernel/libkernel.a(thread.c.obj)
                0x0000000000005734                z_impl_k_thread_create
 .text.z_init_static_threads
                0x000000000000578c       0xb8 zephyr/kernel/libkernel.a(thread.c.obj)
                0x000000000000578c                z_init_static_threads
 .text.z_impl_k_sem_give
                0x0000000000005844       0x40 zephyr/kernel/libkernel.a(sem.c.obj)
                0x0000000000005844                z_impl_k_sem_give
 .text.z_impl_k_sem_take
                0x0000000000005884       0x50 zephyr/kernel/libkernel.a(sem.c.obj)
                0x0000000000005884                z_impl_k_sem_take
 .text.work_queue_main
                0x00000000000058d4      0x138 zephyr/kernel/libkernel.a(work.c.obj)
 .text.submit_to_queue_locked
                0x0000000000005a0c       0xb4 zephyr/kernel/libkernel.a(work.c.obj)
 .text.k_work_queue_start
                0x0000000000005ac0       0x70 zephyr/kernel/libkernel.a(work.c.obj)
                0x0000000000005ac0                k_work_queue_start
 .text.k_work_schedule_for_queue
                0x0000000000005b30       0x54 zephyr/kernel/libkernel.a(work.c.obj)
                0x0000000000005b30                k_work_schedule_for_queue
 .text.k_work_schedule
                0x0000000000005b84        0xc zephyr/kernel/libkernel.a(work.c.obj)
                0x0000000000005b84                k_work_schedule
 .text.z_reset_time_slice
                0x0000000000005b90       0x28 zephyr/kernel/libkernel.a(sched.c.obj)
                0x0000000000005b90                z_reset_time_slice
 .text.update_cache
                0x0000000000005bb8       0x3c zephyr/kernel/libkernel.a(sched.c.obj)
 .text.move_thread_to_end_of_prio_q
                0x0000000000005bf4       0x74 zephyr/kernel/libkernel.a(sched.c.obj)
 .text.ready_thread
                0x0000000000005c68       0x68 zephyr/kernel/libkernel.a(sched.c.obj)
 .text.unready_thread
                0x0000000000005cd0       0x30 zephyr/kernel/libkernel.a(sched.c.obj)
 .text.pend_locked
                0x0000000000005d00       0x30 zephyr/kernel/libkernel.a(sched.c.obj)
 .text.k_sched_time_slice_set
                0x0000000000005d30       0x64 zephyr/kernel/libkernel.a(sched.c.obj)
                0x0000000000005d30                k_sched_time_slice_set
 .text.z_time_slice
                0x0000000000005d94       0x84 zephyr/kernel/libkernel.a(sched.c.obj)
                0x0000000000005d94                z_time_slice
 .text.z_pend_curr
                0x0000000000005e18       0x3c zephyr/kernel/libkernel.a(sched.c.obj)
                0x0000000000005e18                z_pend_curr
 .text.z_reschedule
                0x0000000000005e54       0x24 zephyr/kernel/libkernel.a(sched.c.obj)
                0x0000000000005e54                z_reschedule
 .text.z_sched_start
                0x0000000000005e78       0x3c zephyr/kernel/libkernel.a(sched.c.obj)
                0x0000000000005e78                z_sched_start
 .text.z_impl_k_thread_suspend
                0x0000000000005eb4       0x64 zephyr/kernel/libkernel.a(sched.c.obj)
                0x0000000000005eb4                z_impl_k_thread_suspend
 .text.k_sched_lock
                0x0000000000005f18       0x28 zephyr/kernel/libkernel.a(sched.c.obj)
                0x0000000000005f18                k_sched_lock
 .text.k_sched_unlock
                0x0000000000005f40       0x38 zephyr/kernel/libkernel.a(sched.c.obj)
                0x0000000000005f40                k_sched_unlock
 .text.z_sched_init
                0x0000000000005f78       0x18 zephyr/kernel/libkernel.a(sched.c.obj)
                0x0000000000005f78                z_sched_init
 .text.z_impl_k_yield
                0x0000000000005f90       0x7c zephyr/kernel/libkernel.a(sched.c.obj)
                0x0000000000005f90                z_impl_k_yield
 .text.z_tick_sleep
                0x000000000000600c       0x88 zephyr/kernel/libkernel.a(sched.c.obj)
 .text.z_impl_k_sleep
                0x0000000000006094       0x34 zephyr/kernel/libkernel.a(sched.c.obj)
                0x0000000000006094                z_impl_k_sleep
 .text.z_impl_z_current_get
                0x00000000000060c8        0xc zephyr/kernel/libkernel.a(sched.c.obj)
                0x00000000000060c8                z_impl_z_current_get
 .text.z_thread_abort
                0x00000000000060d4       0xc0 zephyr/kernel/libkernel.a(sched.c.obj)
                0x00000000000060d4                z_thread_abort
 .text.z_sched_wait
                0x0000000000006194       0x24 zephyr/kernel/libkernel.a(sched.c.obj)
                0x0000000000006194                z_sched_wait
 .text.z_data_copy
                0x00000000000061b8       0x34 zephyr/kernel/libkernel.a(xip.c.obj)
                0x00000000000061b8                z_data_copy
 .text.elapsed  0x00000000000061ec       0x14 zephyr/kernel/libkernel.a(timeout.c.obj)
 .text.next_timeout
                0x0000000000006200       0x50 zephyr/kernel/libkernel.a(timeout.c.obj)
 .text.remove_timeout
                0x0000000000006250       0x38 zephyr/kernel/libkernel.a(timeout.c.obj)
 .text.z_add_timeout
                0x0000000000006288       0xfc zephyr/kernel/libkernel.a(timeout.c.obj)
                0x0000000000006288                z_add_timeout
 .text.sys_clock_announce
                0x0000000000006384       0xb4 zephyr/kernel/libkernel.a(timeout.c.obj)
                0x0000000000006384                sys_clock_announce
 .text.sys_clock_tick_get
                0x0000000000006438       0x34 zephyr/kernel/libkernel.a(timeout.c.obj)
                0x0000000000006438                sys_clock_tick_get
 .text.boot_banner
                0x000000000000646c        0xc zephyr/kernel/libkernel.a(banner.c.obj)
                0x000000000000646c                boot_banner
 .text.k_sys_work_q_init
                0x0000000000006478       0x34 zephyr/kernel/libkernel.a(system_work_q.c.obj)
 .text.flash_area_id_from_multi_image_slot
                0x00000000000064ac       0x12 app/libapp.a(flash_map_extended.c.obj)
                0x00000000000064ac                flash_area_id_from_multi_image_slot
 .text.flash_area_get_device_id
                0x00000000000064be        0x4 app/libapp.a(flash_map_extended.c.obj)
                0x00000000000064be                flash_area_get_device_id
 .text.bootutil_tlv_iter_begin
                0x00000000000064c2       0x9c app/libapp.a(tlv.c.obj)
                0x00000000000064c2                bootutil_tlv_iter_begin
 .text.bootutil_tlv_iter_next
                0x000000000000655e       0x98 app/libapp.a(tlv.c.obj)
                0x000000000000655e                bootutil_tlv_iter_next
 .text.boot_fih_memequal
                0x00000000000065f6        0x4 app/libapp.a(bootutil_misc.c.obj)
                0x00000000000065f6                boot_fih_memequal
 .text.boot_trailer_sz
                0x00000000000065fa        0xa app/libapp.a(bootutil_misc.c.obj)
                0x00000000000065fa                boot_trailer_sz
 .text.boot_status_entries
                0x0000000000006604       0x1a app/libapp.a(bootutil_misc.c.obj)
                0x0000000000006604                boot_status_entries
 .text.boot_status_off
                0x000000000000661e       0x16 app/libapp.a(bootutil_misc.c.obj)
                0x000000000000661e                boot_status_off
 .text.boot_write_copy_done
                0x0000000000006634       0x10 app/libapp.a(bootutil_misc.c.obj)
                0x0000000000006634                boot_write_copy_done
 .text.boot_write_swap_size
                0x0000000000006644       0x1e app/libapp.a(bootutil_misc.c.obj)
                0x0000000000006644                boot_write_swap_size
 .text.boot_read_image_headers
                0x0000000000006662       0x2c app/libapp.a(loader.c.obj)
 .text.boot_read_image_size.constprop.0.isra.0
                0x000000000000668e       0x82 app/libapp.a(loader.c.obj)
 .text.boot_read_sectors
                0x0000000000006710       0x42 app/libapp.a(loader.c.obj)
 .text.boot_status_reset
                0x0000000000006752       0x12 app/libapp.a(loader.c.obj)
                0x0000000000006752                boot_status_reset
 .text.boot_status_is_reset
                0x0000000000006764       0x1a app/libapp.a(loader.c.obj)
                0x0000000000006764                boot_status_is_reset
 .text.boot_write_status
                0x000000000000677e       0x64 app/libapp.a(loader.c.obj)
                0x000000000000677e                boot_write_status
 .text.boot_erase_region
                0x00000000000067e2        0x4 app/libapp.a(loader.c.obj)
                0x00000000000067e2                boot_erase_region
 .text.swap_erase_trailer_sectors
                0x00000000000067e6       0x6c app/libapp.a(swap_misc.c.obj)
                0x00000000000067e6                swap_erase_trailer_sectors
 .text.swap_status_init
                0x0000000000006852       0x3e app/libapp.a(swap_misc.c.obj)
                0x0000000000006852                swap_status_init
 .text.swap_read_status
                0x0000000000006890       0x78 app/libapp.a(swap_misc.c.obj)
                0x0000000000006890                swap_read_status
 .text.swap_set_copy_done
                0x0000000000006908       0x24 app/libapp.a(swap_misc.c.obj)
                0x0000000000006908                swap_set_copy_done
 .text.swap_set_image_ok
                0x000000000000692c       0x3c app/libapp.a(swap_misc.c.obj)
                0x000000000000692c                swap_set_image_ok
 .text.boot_status_internal_off
                0x0000000000006968       0x26 app/libapp.a(swap_move.c.obj)
                0x0000000000006968                boot_status_internal_off
 .text.arch_printk_char_out
                0x000000000000698e        0x4 zephyr/libzephyr.a(printk.c.obj)
                0x000000000000698e                arch_printk_char_out
 .text.printk   0x0000000000006992       0x1a zephyr/libzephyr.a(printk.c.obj)
                0x0000000000006992                printk
 .text.z_thread_entry
                0x00000000000069ac       0x14 zephyr/libzephyr.a(thread_entry.c.obj)
                0x00000000000069ac                z_thread_entry
 .text.process_recheck
                0x00000000000069c0       0x38 zephyr/libzephyr.a(onoff.c.obj)
 .text.validate_args
                0x00000000000069f8       0x20 zephyr/libzephyr.a(onoff.c.obj)
 .text.notify_one
                0x0000000000006a18       0x2c zephyr/libzephyr.a(onoff.c.obj)
 .text.transition_complete
                0x0000000000006a44       0x1c zephyr/libzephyr.a(onoff.c.obj)
 .text.onoff_manager_init
                0x0000000000006a60       0x26 zephyr/libzephyr.a(onoff.c.obj)
                0x0000000000006a60                onoff_manager_init
 .text.onoff_request
                0x0000000000006a86       0xb0 zephyr/libzephyr.a(onoff.c.obj)
                0x0000000000006a86                onoff_request
 .text.onoff_release
                0x0000000000006b36       0x4a zephyr/libzephyr.a(onoff.c.obj)
                0x0000000000006b36                onoff_release
 .text.onoff_sync_lock
                0x0000000000006b80       0x16 zephyr/libzephyr.a(onoff.c.obj)
                0x0000000000006b80                onoff_sync_lock
 .text.onoff_sync_finalize
                0x0000000000006b96       0x40 zephyr/libzephyr.a(onoff.c.obj)
                0x0000000000006b96                onoff_sync_finalize
 .text.sys_notify_validate
                0x0000000000006bd6       0x22 zephyr/libzephyr.a(notify.c.obj)
                0x0000000000006bd6                sys_notify_validate
 .text.sys_notify_finalize
                0x0000000000006bf8       0x1a zephyr/libzephyr.a(notify.c.obj)
                0x0000000000006bf8                sys_notify_finalize
 .text._ConfigAbsSyms
                0x0000000000006c12        0x2 zephyr/libzephyr.a(configs.c.obj)
                0x0000000000006c12                _ConfigAbsSyms
 .text.z_log_minimal_printk
                0x0000000000006c14       0x1a zephyr/libzephyr.a(log_minimal.c.obj)
                0x0000000000006c14                z_log_minimal_printk
 .text.flash_area_close
                0x0000000000006c2e        0x2 zephyr/libzephyr.a(flash_map.c.obj)
                0x0000000000006c2e                flash_area_close
 .text.flash_area_read
                0x0000000000006c30       0x2a zephyr/libzephyr.a(flash_map.c.obj)
                0x0000000000006c30                flash_area_read
 .text.flash_area_write
                0x0000000000006c5a       0x2a zephyr/libzephyr.a(flash_map.c.obj)
                0x0000000000006c5a                flash_area_write
 .text.flash_area_erase
                0x0000000000006c84       0x28 zephyr/libzephyr.a(flash_map.c.obj)
                0x0000000000006c84                flash_area_erase
 .text.flash_area_align
                0x0000000000006cac        0xe zephyr/libzephyr.a(flash_map.c.obj)
                0x0000000000006cac                flash_area_align
 .text.flash_area_erased_val
                0x0000000000006cba        0xe zephyr/libzephyr.a(flash_map.c.obj)
                0x0000000000006cba                flash_area_erased_val
 .text.get_sectors_cb
                0x0000000000006cc8       0x44 zephyr/libzephyr.a(flash_map_layout.c.obj)
 .text.z_do_kernel_oops
                0x0000000000006d0c        0x8 zephyr/arch/arch/arm/core/aarch32/libarch__arm__core__aarch32.a(fatal.c.obj)
                0x0000000000006d0c                z_do_kernel_oops
 .text.z_irq_spurious
                0x0000000000006d14        0x8 zephyr/arch/arch/arm/core/aarch32/libarch__arm__core__aarch32.a(irq_manage.c.obj)
                0x0000000000006d14                z_irq_spurious
 .text.z_arm_nmi
                0x0000000000006d1c        0xe zephyr/arch/arch/arm/core/aarch32/libarch__arm__core__aarch32.a(nmi.c.obj)
                0x0000000000006d1c                z_arm_nmi
 .text.strcpy   0x0000000000006d2a       0x14 zephyr/lib/libc/minimal/liblib__libc__minimal.a(string.c.obj)
                0x0000000000006d2a                strcpy
 .text.strlen   0x0000000000006d3e        0xe zephyr/lib/libc/minimal/liblib__libc__minimal.a(string.c.obj)
                0x0000000000006d3e                strlen
 .text.memcmp   0x0000000000006d4c       0x20 zephyr/lib/libc/minimal/liblib__libc__minimal.a(string.c.obj)
                0x0000000000006d4c                memcmp
 .text.memcpy   0x0000000000006d6c       0x16 zephyr/lib/libc/minimal/liblib__libc__minimal.a(string.c.obj)
                0x0000000000006d6c                memcpy
 .text.memset   0x0000000000006d82       0x12 zephyr/lib/libc/minimal/liblib__libc__minimal.a(string.c.obj)
                0x0000000000006d82                memset
 .text._stdout_hook_default
                0x0000000000006d94        0x6 zephyr/lib/libc/minimal/liblib__libc__minimal.a(stdout_console.c.obj)
 .text.get_status
                0x0000000000006d9a       0x12 zephyr/drivers/clock_control/libdrivers__clock_control.a(clock_control_nrf.c.obj)
 .text.set_on_state
                0x0000000000006dac       0x26 zephyr/drivers/clock_control/libdrivers__clock_control.a(clock_control_nrf.c.obj)
 .text.stop     0x0000000000006dd2       0x52 zephyr/drivers/clock_control/libdrivers__clock_control.a(clock_control_nrf.c.obj)
 .text.api_stop
                0x0000000000006e24        0x6 zephyr/drivers/clock_control/libdrivers__clock_control.a(clock_control_nrf.c.obj)
 .text.async_start
                0x0000000000006e2a       0x5c zephyr/drivers/clock_control/libdrivers__clock_control.a(clock_control_nrf.c.obj)
 .text.api_start
                0x0000000000006e86        0xe zephyr/drivers/clock_control/libdrivers__clock_control.a(clock_control_nrf.c.obj)
 .text.onoff_started_callback
                0x0000000000006e94       0x12 zephyr/drivers/clock_control/libdrivers__clock_control.a(clock_control_nrf.c.obj)
 .text.lfclk_stop
                0x0000000000006ea6        0x6 zephyr/drivers/clock_control/libdrivers__clock_control.a(clock_control_nrf.c.obj)
 .text.blocking_start_callback
                0x0000000000006eac        0x6 zephyr/drivers/clock_control/libdrivers__clock_control.a(clock_control_nrf.c.obj)
 .text.gpio_nrfx_port_get_raw
                0x0000000000006eb2        0xe zephyr/drivers/gpio/libdrivers__gpio.a(gpio_nrfx.c.obj)
 .text.gpio_nrfx_port_set_masked_raw
                0x0000000000006ec0       0x18 zephyr/drivers/gpio/libdrivers__gpio.a(gpio_nrfx.c.obj)
 .text.gpio_nrfx_port_set_bits_raw
                0x0000000000006ed8        0xc zephyr/drivers/gpio/libdrivers__gpio.a(gpio_nrfx.c.obj)
 .text.gpio_nrfx_port_clear_bits_raw
                0x0000000000006ee4        0xc zephyr/drivers/gpio/libdrivers__gpio.a(gpio_nrfx.c.obj)
 .text.gpio_nrfx_port_toggle_bits
                0x0000000000006ef0       0x1a zephyr/drivers/gpio/libdrivers__gpio.a(gpio_nrfx.c.obj)
 .text.gpio_nrfx_manage_callback
                0x0000000000006f0a       0x52 zephyr/drivers/gpio/libdrivers__gpio.a(gpio_nrfx.c.obj)
 .text.pin_interrupt_configure
                0x0000000000006f5c        0xe zephyr/drivers/gpio/libdrivers__gpio.a(gpio_sx1509b.c.obj)
 .text.k_sem_take.constprop.0.isra.0
                0x0000000000006f6a        0x4 zephyr/drivers/gpio/libdrivers__gpio.a(gpio_sx1509b.c.obj)
 .text.i2c_write
                0x0000000000006f6e       0x1a zephyr/drivers/gpio/libdrivers__gpio.a(gpio_sx1509b.c.obj)
 .text.i2c_write_dt
                0x0000000000006f88        0x8 zephyr/drivers/gpio/libdrivers__gpio.a(gpio_sx1509b.c.obj)
 .text.i2c_reg_write_word_be
                0x0000000000006f90       0x1e zephyr/drivers/gpio/libdrivers__gpio.a(gpio_sx1509b.c.obj)
 .text.port_write
                0x0000000000006fae       0x5a zephyr/drivers/gpio/libdrivers__gpio.a(gpio_sx1509b.c.obj)
 .text.port_toggle_bits
                0x0000000000007008        0xa zephyr/drivers/gpio/libdrivers__gpio.a(gpio_sx1509b.c.obj)
 .text.port_clear_bits
                0x0000000000007012        0x8 zephyr/drivers/gpio/libdrivers__gpio.a(gpio_sx1509b.c.obj)
 .text.port_set_bits
                0x000000000000701a        0x8 zephyr/drivers/gpio/libdrivers__gpio.a(gpio_sx1509b.c.obj)
 .text.port_set_masked
                0x0000000000007022        0x6 zephyr/drivers/gpio/libdrivers__gpio.a(gpio_sx1509b.c.obj)
 .text.write_pin_state.constprop.0
                0x0000000000007028       0x74 zephyr/drivers/gpio/libdrivers__gpio.a(gpio_sx1509b.c.obj)
 .text.sx1509b_config
                0x000000000000709c      0x128 zephyr/drivers/gpio/libdrivers__gpio.a(gpio_sx1509b.c.obj)
 .text.port_get
                0x00000000000071c4       0x72 zephyr/drivers/gpio/libdrivers__gpio.a(gpio_sx1509b.c.obj)
 .text.irq_connect0
                0x0000000000007236        0xa zephyr/drivers/i2c/libdrivers__i2c.a(i2c_nrfx_twim.c.obj)
 .text.irq_connect1
                0x0000000000007240        0xa zephyr/drivers/i2c/libdrivers__i2c.a(i2c_nrfx_twim.c.obj)
 .text.pinctrl_apply_state.constprop.0
                0x000000000000724a       0x20 zephyr/drivers/i2c/libdrivers__i2c.a(i2c_nrfx_twim.c.obj)
 .text.gpio_pin_set_dt
                0x000000000000726a       0x28 zephyr/drivers/regulator/libdrivers__regulator.a(regulator_fixed.c.obj)
 .text.disable_onoff
                0x0000000000007292        0x8 zephyr/drivers/regulator/libdrivers__regulator.a(regulator_fixed.c.obj)
 .text.enable_onoff
                0x000000000000729a        0x8 zephyr/drivers/regulator/libdrivers__regulator.a(regulator_fixed.c.obj)
 .text.disable_sync
                0x00000000000072a2       0x48 zephyr/drivers/regulator/libdrivers__regulator.a(regulator_fixed.c.obj)
 .text.enable_sync
                0x00000000000072ea       0x38 zephyr/drivers/regulator/libdrivers__regulator.a(regulator_fixed.c.obj)
 .text.onoff_worker
                0x0000000000007322       0x54 zephyr/drivers/regulator/libdrivers__regulator.a(regulator_fixed.c.obj)
 .text.stop     0x0000000000007376       0x52 zephyr/drivers/regulator/libdrivers__regulator.a(regulator_fixed.c.obj)
 .text.start    0x00000000000073c8       0x52 zephyr/drivers/regulator/libdrivers__regulator.a(regulator_fixed.c.obj)
 .text.is_regular_addr_valid
                0x000000000000741a       0x22 zephyr/drivers/flash/libdrivers__flash.a(soc_flash_nrf.c.obj)
 .text.flash_get_page_info
                0x000000000000743c       0x62 zephyr/drivers/flash/libdrivers__flash.a(flash_page_layout.c.obj)
 .text.z_impl_flash_get_page_info_by_offs
                0x000000000000749e        0x8 zephyr/drivers/flash/libdrivers__flash.a(flash_page_layout.c.obj)
                0x000000000000749e                z_impl_flash_get_page_info_by_offs
 .text.flash_page_foreach
                0x00000000000074a6       0x58 zephyr/drivers/flash/libdrivers__flash.a(flash_page_layout.c.obj)
                0x00000000000074a6                flash_page_foreach
 .text.uarte_nrfx_config_get
                0x00000000000074fe       0x10 zephyr/drivers/serial/libdrivers__serial.a(uart_nrfx_uarte.c.obj)
 .text.uarte_nrfx_err_check
                0x000000000000750e        0xe zephyr/drivers/serial/libdrivers__serial.a(uart_nrfx_uarte.c.obj)
 .text.uarte_nrfx_poll_in
                0x000000000000751c       0x28 zephyr/drivers/serial/libdrivers__serial.a(uart_nrfx_uarte.c.obj)
 .text.is_tx_ready.isra.0
                0x0000000000007544       0x20 zephyr/drivers/serial/libdrivers__serial.a(uart_nrfx_uarte.c.obj)
 .text.uarte_nrfx_isr_int
                0x0000000000007564       0x72 zephyr/drivers/serial/libdrivers__serial.a(uart_nrfx_uarte.c.obj)
 .text.pinctrl_lookup_state
                0x00000000000075d6       0x2c zephyr/drivers/pinctrl/libdrivers__pinctrl.a(common.c.obj)
                0x00000000000075d6                pinctrl_lookup_state
 .text.pinctrl_configure_pins
                0x0000000000007602       0xb8 zephyr/drivers/pinctrl/libdrivers__pinctrl.a(pinctrl_nrf.c.obj)
                0x0000000000007602                pinctrl_configure_pins
 .text.fprotect_area
                0x00000000000076ba       0x86 modules/nrf/lib/fprotect/lib..__nrf__lib__fprotect.a(fprotect_bprot.c.obj)
                0x00000000000076ba                fprotect_area
 .text.boot_swap_info_off
                0x0000000000007740        0xc modules/mcuboot/boot/bootutil/zephyr/libmcuboot_util.a(bootutil_public.c.obj)
                0x0000000000007740                boot_swap_info_off
 .text.boot_magic_compatible_check
                0x000000000000774c       0x1c modules/mcuboot/boot/bootutil/zephyr/libmcuboot_util.a(bootutil_public.c.obj)
                0x000000000000774c                boot_magic_compatible_check
 .text.bootutil_buffer_is_erased
                0x0000000000007768       0x26 modules/mcuboot/boot/bootutil/zephyr/libmcuboot_util.a(bootutil_public.c.obj)
                0x0000000000007768                bootutil_buffer_is_erased
 .text.boot_read_flag
                0x000000000000778e       0x38 modules/mcuboot/boot/bootutil/zephyr/libmcuboot_util.a(bootutil_public.c.obj)
 .text.boot_write_trailer
                0x00000000000077c6       0x58 modules/mcuboot/boot/bootutil/zephyr/libmcuboot_util.a(bootutil_public.c.obj)
                0x00000000000077c6                boot_write_trailer
 .text.boot_write_trailer_flag
                0x000000000000781e       0x14 modules/mcuboot/boot/bootutil/zephyr/libmcuboot_util.a(bootutil_public.c.obj)
                0x000000000000781e                boot_write_trailer_flag
 .text.boot_write_image_ok
                0x0000000000007832        0xe modules/mcuboot/boot/bootutil/zephyr/libmcuboot_util.a(bootutil_public.c.obj)
                0x0000000000007832                boot_write_image_ok
 .text.boot_read_image_ok
                0x0000000000007840        0xc modules/mcuboot/boot/bootutil/zephyr/libmcuboot_util.a(bootutil_public.c.obj)
                0x0000000000007840                boot_read_image_ok
 .text.boot_read_swap_state_by_id
                0x000000000000784c       0x28 modules/mcuboot/boot/bootutil/zephyr/libmcuboot_util.a(bootutil_public.c.obj)
                0x000000000000784c                boot_read_swap_state_by_id
 .text.boot_write_swap_info
                0x0000000000007874       0x22 modules/mcuboot/boot/bootutil/zephyr/libmcuboot_util.a(bootutil_public.c.obj)
                0x0000000000007874                boot_write_swap_info
 .text._mbedtls_init
                0x0000000000007896        0x4 modules/mbedtls/libmodules__mbedtls.a(zephyr_init.c.obj)
 .text.mbedtls_asn1_get_len
                0x000000000000789a       0x98 modules/mbedtls/libmodules__mbedtls.a(asn1parse.c.obj)
                0x000000000000789a                mbedtls_asn1_get_len
 .text.mbedtls_asn1_get_tag
                0x0000000000007932       0x28 modules/mbedtls/libmodules__mbedtls.a(asn1parse.c.obj)
                0x0000000000007932                mbedtls_asn1_get_tag
 .text.mbedtls_asn1_get_mpi
                0x000000000000795a       0x26 modules/mbedtls/libmodules__mbedtls.a(asn1parse.c.obj)
                0x000000000000795a                mbedtls_asn1_get_mpi
 .text.mpi_mul_hlp
                0x0000000000007980      0x338 modules/mbedtls/libmodules__mbedtls.a(bignum.c.obj)
 .text.mpi_montmul
                0x0000000000007cb8       0xe0 modules/mbedtls/libmodules__mbedtls.a(bignum.c.obj)
 .text.mpi_bigendian_to_host.part.0
                0x0000000000007d98       0x52 modules/mbedtls/libmodules__mbedtls.a(bignum.c.obj)
 .text.mbedtls_mpi_init
                0x0000000000007dea        0xc modules/mbedtls/libmodules__mbedtls.a(bignum.c.obj)
                0x0000000000007dea                mbedtls_mpi_init
 .text.mbedtls_mpi_free
                0x0000000000007df6       0x24 modules/mbedtls/libmodules__mbedtls.a(bignum.c.obj)
                0x0000000000007df6                mbedtls_mpi_free
 .text.mbedtls_mpi_grow
                0x0000000000007e1a       0x4e modules/mbedtls/libmodules__mbedtls.a(bignum.c.obj)
                0x0000000000007e1a                mbedtls_mpi_grow
 .text.mbedtls_mpi_resize_clear
                0x0000000000007e68       0x36 modules/mbedtls/libmodules__mbedtls.a(bignum.c.obj)
 .text.mbedtls_mpi_copy
                0x0000000000007e9e       0x68 modules/mbedtls/libmodules__mbedtls.a(bignum.c.obj)
                0x0000000000007e9e                mbedtls_mpi_copy
 .text.mbedtls_mpi_lset
                0x0000000000007f06       0x38 modules/mbedtls/libmodules__mbedtls.a(bignum.c.obj)
                0x0000000000007f06                mbedtls_mpi_lset
 .text.mbedtls_mpi_get_bit
                0x0000000000007f3e       0x20 modules/mbedtls/libmodules__mbedtls.a(bignum.c.obj)
                0x0000000000007f3e                mbedtls_mpi_get_bit
 .text.mbedtls_mpi_bitlen
                0x0000000000007f5e       0x3e modules/mbedtls/libmodules__mbedtls.a(bignum.c.obj)
                0x0000000000007f5e                mbedtls_mpi_bitlen
 .text.mbedtls_mpi_size
                0x0000000000007f9c        0xc modules/mbedtls/libmodules__mbedtls.a(bignum.c.obj)
                0x0000000000007f9c                mbedtls_mpi_size
 .text.mbedtls_mpi_read_binary
                0x0000000000007fa8       0x42 modules/mbedtls/libmodules__mbedtls.a(bignum.c.obj)
                0x0000000000007fa8                mbedtls_mpi_read_binary
 .text.mbedtls_mpi_write_binary
                0x0000000000007fea       0x6a modules/mbedtls/libmodules__mbedtls.a(bignum.c.obj)
                0x0000000000007fea                mbedtls_mpi_write_binary
 .text.mbedtls_mpi_shift_l
                0x0000000000008054       0xae modules/mbedtls/libmodules__mbedtls.a(bignum.c.obj)
                0x0000000000008054                mbedtls_mpi_shift_l
 .text.mbedtls_mpi_shift_r
                0x0000000000008102       0x84 modules/mbedtls/libmodules__mbedtls.a(bignum.c.obj)
                0x0000000000008102                mbedtls_mpi_shift_r
 .text.mbedtls_mpi_cmp_abs
                0x0000000000008186       0x6a modules/mbedtls/libmodules__mbedtls.a(bignum.c.obj)
                0x0000000000008186                mbedtls_mpi_cmp_abs
 .text.mbedtls_mpi_cmp_mpi
                0x00000000000081f0       0x82 modules/mbedtls/libmodules__mbedtls.a(bignum.c.obj)
                0x00000000000081f0                mbedtls_mpi_cmp_mpi
 .text.mbedtls_mpi_cmp_int
                0x0000000000008272       0x2c modules/mbedtls/libmodules__mbedtls.a(bignum.c.obj)
                0x0000000000008272                mbedtls_mpi_cmp_int
 .text.mbedtls_mpi_add_abs
                0x000000000000829e       0xae modules/mbedtls/libmodules__mbedtls.a(bignum.c.obj)
                0x000000000000829e                mbedtls_mpi_add_abs
 .text.mbedtls_mpi_sub_abs
                0x000000000000834c       0xe0 modules/mbedtls/libmodules__mbedtls.a(bignum.c.obj)
                0x000000000000834c                mbedtls_mpi_sub_abs
 .text.mbedtls_mpi_add_mpi
                0x000000000000842c       0x44 modules/mbedtls/libmodules__mbedtls.a(bignum.c.obj)
                0x000000000000842c                mbedtls_mpi_add_mpi
 .text.mbedtls_mpi_sub_mpi
                0x0000000000008470       0x46 modules/mbedtls/libmodules__mbedtls.a(bignum.c.obj)
                0x0000000000008470                mbedtls_mpi_sub_mpi
 .text.mbedtls_mpi_mul_int
                0x00000000000084b6       0x5c modules/mbedtls/libmodules__mbedtls.a(bignum.c.obj)
                0x00000000000084b6                mbedtls_mpi_mul_int
 .text.mbedtls_mpi_div_mpi
                0x0000000000008512      0x330 modules/mbedtls/libmodules__mbedtls.a(bignum.c.obj)
                0x0000000000008512                mbedtls_mpi_div_mpi
 .text.mbedtls_mpi_mod_mpi
                0x0000000000008842       0x64 modules/mbedtls/libmodules__mbedtls.a(bignum.c.obj)
                0x0000000000008842                mbedtls_mpi_mod_mpi
 .text.mbedtls_mpi_exp_mod
                0x00000000000088a6      0x44a modules/mbedtls/libmodules__mbedtls.a(bignum.c.obj)
                0x00000000000088a6                mbedtls_mpi_exp_mod
 .text.mbedtls_ct_size_bool_eq
                0x0000000000008cf0        0xc modules/mbedtls/libmodules__mbedtls.a(constant_time.c.obj)
                0x0000000000008cf0                mbedtls_ct_size_bool_eq
 .text.mbedtls_ct_mpi_uint_cond_assign
                0x0000000000008cfc       0x24 modules/mbedtls/libmodules__mbedtls.a(constant_time.c.obj)
                0x0000000000008cfc                mbedtls_ct_mpi_uint_cond_assign
 .text.mbedtls_mpi_safe_cond_assign
                0x0000000000008d20       0x5e modules/mbedtls/libmodules__mbedtls.a(constant_time.c.obj)
                0x0000000000008d20                mbedtls_mpi_safe_cond_assign
 .text.platform_calloc_uninit
                0x0000000000008d7e        0x4 modules/mbedtls/libmodules__mbedtls.a(platform.c.obj)
 .text.platform_exit_uninit
                0x0000000000008d82        0x2 modules/mbedtls/libmodules__mbedtls.a(platform.c.obj)
 .text.platform_free_uninit
                0x0000000000008d84        0x2 modules/mbedtls/libmodules__mbedtls.a(platform.c.obj)
 .text.mbedtls_rsa_import
                0x0000000000008d86       0x86 modules/mbedtls/libmodules__mbedtls.a(rsa.c.obj)
                0x0000000000008d86                mbedtls_rsa_import
 .text.mbedtls_rsa_init
                0x0000000000008e0c       0x14 modules/mbedtls/libmodules__mbedtls.a(rsa.c.obj)
                0x0000000000008e0c                mbedtls_rsa_init
 .text.mbedtls_rsa_free
                0x0000000000008e20       0x72 modules/mbedtls/libmodules__mbedtls.a(rsa.c.obj)
                0x0000000000008e20                mbedtls_rsa_free
 .text.mbedtls_sha256_init
                0x0000000000008e92        0x8 modules/mbedtls/libmodules__mbedtls.a(sha256.c.obj)
                0x0000000000008e92                mbedtls_sha256_init
 .text.mbedtls_sha256_update
                0x0000000000008e9a       0x72 modules/mbedtls/libmodules__mbedtls.a(sha256.c.obj)
                0x0000000000008e9a                mbedtls_sha256_update
 .text.mbedtls_sha256_finish
                0x0000000000008f0c      0x104 modules/mbedtls/libmodules__mbedtls.a(sha256.c.obj)
                0x0000000000008f0c                mbedtls_sha256_finish
 .text.nrf52_errata_12
                0x0000000000009010       0x1c modules/hal_nordic/nrfx/libmodules__hal_nordic__nrfx.a(system_nrf52.c.obj)
 .text.nrfx_isr
                0x000000000000902c        0x2 modules/hal_nordic/nrfx/libmodules__hal_nordic__nrfx.a(nrfx_glue.c.obj)
                0x000000000000902c                nrfx_isr
 .text.nrfx_busy_wait
                0x000000000000902e        0x4 modules/hal_nordic/nrfx/libmodules__hal_nordic__nrfx.a(nrfx_glue.c.obj)
                0x000000000000902e                nrfx_busy_wait
 .text.nrfx_clock_enable
                0x0000000000009032       0x1a modules/hal_nordic/nrfx/libmodules__hal_nordic__nrfx.a(nrfx_clock.c.obj)
                0x0000000000009032                nrfx_clock_enable
 .text.nrfx_clock_stop
                0x000000000000904c        0x4 modules/hal_nordic/nrfx/libmodules__hal_nordic__nrfx.a(nrfx_clock.c.obj)
                0x000000000000904c                nrfx_clock_stop
 .text.nrf_gpio_cfg_sense_set
                0x0000000000009050       0x1c modules/hal_nordic/nrfx/libmodules__hal_nordic__nrfx.a(nrfx_gpiote.c.obj)
 .text.nrfx_nvmc_flash_size_get
                0x000000000000906c        0xc modules/hal_nordic/nrfx/libmodules__hal_nordic__nrfx.a(nrfx_nvmc.c.obj)
                0x000000000000906c                nrfx_nvmc_flash_size_get
 .text.nrfx_nvmc_flash_page_size_get
                0x0000000000009078        0x8 modules/hal_nordic/nrfx/libmodules__hal_nordic__nrfx.a(nrfx_nvmc.c.obj)
                0x0000000000009078                nrfx_nvmc_flash_page_size_get
 .text.nrfx_nvmc_flash_page_count_get
                0x0000000000009080        0x8 modules/hal_nordic/nrfx/libmodules__hal_nordic__nrfx.a(nrfx_nvmc.c.obj)
                0x0000000000009080                nrfx_nvmc_flash_page_count_get
 .text.xfer_completeness_check
                0x0000000000009088       0x60 modules/hal_nordic/nrfx/libmodules__hal_nordic__nrfx.a(nrfx_twim.c.obj)
 .text.SEGGER_RTT_Init
                0x00000000000090e8        0x4 modules/segger/libmodules__segger.a(SEGGER_RTT.c.obj)
                0x00000000000090e8                SEGGER_RTT_Init
 .text.rtt_init
                0x00000000000090ec        0xa modules/segger/libmodules__segger.a(SEGGER_RTT_zephyr.c.obj)
 .text.z_device_state_init
                0x00000000000090f6        0x2 zephyr/kernel/libkernel.a(device.c.obj)
                0x00000000000090f6                z_device_state_init
 .text.z_device_is_ready
                0x00000000000090f8       0x16 zephyr/kernel/libkernel.a(device.c.obj)
                0x00000000000090f8                z_device_is_ready
 .text.z_early_memset
                0x000000000000910e        0x4 zephyr/kernel/libkernel.a(init.c.obj)
                0x000000000000910e                z_early_memset
 .text.z_early_memcpy
                0x0000000000009112        0x4 zephyr/kernel/libkernel.a(init.c.obj)
                0x0000000000009112                z_early_memcpy
 .text.k_is_in_isr
                0x0000000000009116        0xc zephyr/kernel/libkernel.a(thread.c.obj)
                0x0000000000009116                k_is_in_isr
 .text.z_impl_k_thread_name_set
                0x0000000000009122        0x6 zephyr/kernel/libkernel.a(thread.c.obj)
                0x0000000000009122                z_impl_k_thread_name_set
 .text.k_thread_name_get
                0x0000000000009128        0x4 zephyr/kernel/libkernel.a(thread.c.obj)
                0x0000000000009128                k_thread_name_get
 .text.z_impl_k_thread_start
                0x000000000000912c        0x4 zephyr/kernel/libkernel.a(thread.c.obj)
                0x000000000000912c                z_impl_k_thread_start
 .text.idle     0x0000000000009130       0x18 zephyr/kernel/libkernel.a(idle.c.obj)
                0x0000000000009130                idle
 .text.z_impl_k_sem_init
                0x0000000000009148       0x18 zephyr/kernel/libkernel.a(sem.c.obj)
                0x0000000000009148                z_impl_k_sem_init
 .text.flag_test_and_clear
                0x0000000000009160       0x16 zephyr/kernel/libkernel.a(work.c.obj)
 .text.notify_queue_locked.isra.0
                0x0000000000009176        0xe zephyr/kernel/libkernel.a(work.c.obj)
 .text.work_timeout
                0x0000000000009184       0x3e zephyr/kernel/libkernel.a(work.c.obj)
 .text.k_work_init_delayable
                0x00000000000091c2       0x18 zephyr/kernel/libkernel.a(work.c.obj)
                0x00000000000091c2                k_work_init_delayable
 .text.sys_dlist_remove
                0x00000000000091da       0x10 zephyr/kernel/libkernel.a(sched.c.obj)
 .text.unpend_thread_no_timeout
                0x00000000000091ea       0x14 zephyr/kernel/libkernel.a(sched.c.obj)
 .text.z_thread_timeout
                0x00000000000091fe       0x44 zephyr/kernel/libkernel.a(sched.c.obj)
                0x00000000000091fe                z_thread_timeout
 .text.add_to_waitq_locked
                0x0000000000009242       0x50 zephyr/kernel/libkernel.a(sched.c.obj)
 .text.z_ready_thread
                0x0000000000009292       0x20 zephyr/kernel/libkernel.a(sched.c.obj)
                0x0000000000009292                z_ready_thread
 .text.z_unpend_first_thread
                0x00000000000092b2       0x38 zephyr/kernel/libkernel.a(sched.c.obj)
                0x00000000000092b2                z_unpend_first_thread
 .text.z_reschedule_irqlock
                0x00000000000092ea       0x18 zephyr/kernel/libkernel.a(sched.c.obj)
                0x00000000000092ea                z_reschedule_irqlock
 .text.z_reschedule_unlocked
                0x0000000000009302       0x14 zephyr/kernel/libkernel.a(sched.c.obj)
 .text.z_sched_wake
                0x0000000000009316       0x46 zephyr/kernel/libkernel.a(sched.c.obj)
                0x0000000000009316                z_sched_wake
 .text.z_abort_timeout
                0x000000000000935c       0x2c zephyr/kernel/libkernel.a(timeout.c.obj)
                0x000000000000935c                z_abort_timeout
 .text.z_set_timeout_expiry
                0x0000000000009388       0x38 zephyr/kernel/libkernel.a(timeout.c.obj)
                0x0000000000009388                z_set_timeout_expiry
 .text.sys_clock_tick_get_32
                0x00000000000093c0        0x8 zephyr/kernel/libkernel.a(timeout.c.obj)
                0x00000000000093c0                sys_clock_tick_get_32
 .text.z_impl_k_busy_wait
                0x00000000000093c8        0x8 zephyr/kernel/libkernel.a(timeout.c.obj)
                0x00000000000093c8                z_impl_k_busy_wait
 .text._OffsetAbsSyms
                0x00000000000093d0        0x2 zephyr/CMakeFiles/offsets.dir/./arch/arm/core/offsets/offsets.c.obj
                0x00000000000093d0                _OffsetAbsSyms
 *(SORT_BY_ALIGNMENT(.TEXT.*))
 *(SORT_BY_ALIGNMENT(.gnu.linkonce.t.*))
 *(SORT_BY_ALIGNMENT(.glue_7t))
 .glue_7t       0x00000000000093d2        0x0 linker stubs
 *(SORT_BY_ALIGNMENT(.glue_7))
 .glue_7        0x00000000000093d2        0x0 linker stubs
 *(SORT_BY_ALIGNMENT(.vfp11_veneer))
 .vfp11_veneer  0x00000000000093d2        0x0 linker stubs
 *(SORT_BY_ALIGNMENT(.v4_bx))
 .v4_bx         0x00000000000093d2        0x0 linker stubs
                0x00000000000093d4                . = ALIGN (0x4)
 *fill*         0x00000000000093d2        0x2 
                0x00000000000093d4                __text_region_end = .

.ARM.exidx      0x00000000000093d4        0x8
                0x00000000000093d4                __exidx_start = .
 *(SORT_BY_ALIGNMENT(.ARM.exidx*) SORT_BY_ALIGNMENT(gnu.linkonce.armexidx.*))
 .ARM.exidx     0x00000000000093d4        0x8 /opt/nordic/ncs/toolchains/v2.2.0/opt/zephyr-sdk/arm-zephyr-eabi/bin/../lib/gcc/arm-zephyr-eabi/12.1.0/thumb/v7e-m/nofp/libgcc.a(_udivmoddi4.o)
                0x00000000000093dc                __exidx_end = .
                0x00000000000093dc                __rodata_region_start = .

initlevel       0x00000000000093dc       0x78
                0x00000000000093dc                __init_start = .
                0x00000000000093dc                __init_EARLY_start = .
 *(SORT_BY_NAME(SORT_BY_ALIGNMENT(.z_init_EARLY[0-9]_*)))
 *(SORT_BY_NAME(SORT_BY_ALIGNMENT(.z_init_EARLY[1-9][0-9]_*)))
                0x00000000000093dc                __init_PRE_KERNEL_1_start = .
 *(SORT_BY_NAME(SORT_BY_ALIGNMENT(.z_init_PRE_KERNEL_1[0-9]_*)))
 .z_init_PRE_KERNEL_10_
                0x00000000000093dc        0x8 zephyr/soc/arm/nordic_nrf/nrf52/libsoc__arm__nordic_nrf__nrf52.a(soc.c.obj)
 *(SORT_BY_NAME(SORT_BY_ALIGNMENT(.z_init_PRE_KERNEL_1[1-9][0-9]_*)))
 .z_init_PRE_KERNEL_130_
                0x00000000000093e4        0x8 zephyr/drivers/clock_control/libdrivers__clock_control.a(clock_control_nrf.c.obj)
 .z_init_PRE_KERNEL_130_
                0x00000000000093ec        0x8 modules/segger/libmodules__segger.a(SEGGER_RTT_zephyr.c.obj)
 .z_init_PRE_KERNEL_140_
                0x00000000000093f4        0x8 zephyr/drivers/gpio/libdrivers__gpio.a(gpio_nrfx.c.obj)
 .z_init_PRE_KERNEL_155_
                0x00000000000093fc        0x8 zephyr/drivers/serial/libdrivers__serial.a(uart_nrfx_uarte.c.obj)
 .z_init_PRE_KERNEL_160_
                0x0000000000009404        0x8 zephyr/drivers/console/libdrivers__console.a(uart_console.c.obj)
                0x000000000000940c                __init_PRE_KERNEL_2_start = .
 *(SORT_BY_NAME(SORT_BY_ALIGNMENT(.z_init_PRE_KERNEL_2[0-9]_*)))
 .z_init_PRE_KERNEL_20_
                0x000000000000940c        0x8 zephyr/drivers/timer/libdrivers__timer.a(nrf_rtc_timer.c.obj)
 *(SORT_BY_NAME(SORT_BY_ALIGNMENT(.z_init_PRE_KERNEL_2[1-9][0-9]_*)))
                0x0000000000009414                __init_POST_KERNEL_start = .
 *(SORT_BY_NAME(SORT_BY_ALIGNMENT(.z_init_POST_KERNEL[0-9]_*)))
 .z_init_POST_KERNEL0_
                0x0000000000009414        0x8 modules/mbedtls/libmodules__mbedtls.a(zephyr_init.c.obj)
 *(SORT_BY_NAME(SORT_BY_ALIGNMENT(.z_init_POST_KERNEL[1-9][0-9]_*)))
 .z_init_POST_KERNEL40_
                0x000000000000941c        0x8 zephyr/kernel/libkernel.a(system_work_q.c.obj)
 .z_init_POST_KERNEL45_
                0x0000000000009424       0x10 zephyr/drivers/regulator/libdrivers__regulator.a(regulator_fixed.c.obj)
 .z_init_POST_KERNEL50_
                0x0000000000009434       0x10 zephyr/drivers/i2c/libdrivers__i2c.a(i2c_nrfx_twim.c.obj)
 .z_init_POST_KERNEL50_
                0x0000000000009444        0x8 zephyr/drivers/flash/libdrivers__flash.a(soc_flash_nrf.c.obj)
 .z_init_POST_KERNEL70_
                0x000000000000944c        0x8 zephyr/drivers/gpio/libdrivers__gpio.a(gpio_sx1509b.c.obj)
                0x0000000000009454                __init_APPLICATION_start = .
 *(SORT_BY_NAME(SORT_BY_ALIGNMENT(.z_init_APPLICATION[0-9]_*)))
 *(SORT_BY_NAME(SORT_BY_ALIGNMENT(.z_init_APPLICATION[1-9][0-9]_*)))
                0x0000000000009454                __init_SMP_start = .
 *(SORT_BY_NAME(SORT_BY_ALIGNMENT(.z_init_SMP[0-9]_*)))
 *(SORT_BY_NAME(SORT_BY_ALIGNMENT(.z_init_SMP[1-9][0-9]_*)))
                0x0000000000009454                __init_end = .

devices         0x0000000000009454       0xd8
                0x0000000000009454                __device_start = .
                0x0000000000009454                __device_EARLY_start = .
 *(SORT_BY_NAME(SORT_BY_ALIGNMENT(.z_device_EARLY[0-9]_*)))
 *(SORT_BY_NAME(SORT_BY_ALIGNMENT(.z_device_EARLY[1-9][0-9]_*)))
                0x0000000000009454                __device_PRE_KERNEL_1_start = .
 *(SORT_BY_NAME(SORT_BY_ALIGNMENT(.z_device_PRE_KERNEL_1[0-9]_*)))
 *(SORT_BY_NAME(SORT_BY_ALIGNMENT(.z_device_PRE_KERNEL_1[1-9][0-9]_*)))
 .z_device_PRE_KERNEL_130_
                0x0000000000009454       0x18 zephyr/drivers/clock_control/libdrivers__clock_control.a(clock_control_nrf.c.obj)
                0x0000000000009454                __device_dts_ord_41
 .z_device_PRE_KERNEL_140_
                0x000000000000946c       0x18 zephyr/drivers/gpio/libdrivers__gpio.a(gpio_nrfx.c.obj)
                0x000000000000946c                __device_dts_ord_5
 .z_device_PRE_KERNEL_155_
                0x0000000000009484       0x18 zephyr/drivers/serial/libdrivers__serial.a(uart_nrfx_uarte.c.obj)
                0x0000000000009484                __device_dts_ord_77
                0x000000000000949c                __device_PRE_KERNEL_2_start = .
 *(SORT_BY_NAME(SORT_BY_ALIGNMENT(.z_device_PRE_KERNEL_2[0-9]_*)))
 *(SORT_BY_NAME(SORT_BY_ALIGNMENT(.z_device_PRE_KERNEL_2[1-9][0-9]_*)))
                0x000000000000949c                __device_POST_KERNEL_start = .
 *(SORT_BY_NAME(SORT_BY_ALIGNMENT(.z_device_POST_KERNEL[0-9]_*)))
 *(SORT_BY_NAME(SORT_BY_ALIGNMENT(.z_device_POST_KERNEL[1-9][0-9]_*)))
 .z_device_POST_KERNEL45_
                0x000000000000949c       0x30 zephyr/drivers/regulator/libdrivers__regulator.a(regulator_fixed.c.obj)
                0x000000000000949c                __device_dts_ord_15
                0x00000000000094b4                __device_dts_ord_6
 .z_device_POST_KERNEL50_
                0x00000000000094cc       0x30 zephyr/drivers/i2c/libdrivers__i2c.a(i2c_nrfx_twim.c.obj)
                0x00000000000094cc                __device_dts_ord_92
                0x00000000000094e4                __device_dts_ord_11
 .z_device_POST_KERNEL50_
                0x00000000000094fc       0x18 zephyr/drivers/flash/libdrivers__flash.a(soc_flash_nrf.c.obj)
                0x00000000000094fc                __device_dts_ord_80
 .z_device_POST_KERNEL70_
                0x0000000000009514       0x18 zephyr/drivers/gpio/libdrivers__gpio.a(gpio_sx1509b.c.obj)
                0x0000000000009514                __device_dts_ord_12
                0x000000000000952c                __device_APPLICATION_start = .
 *(SORT_BY_NAME(SORT_BY_ALIGNMENT(.z_device_APPLICATION[0-9]_*)))
 *(SORT_BY_NAME(SORT_BY_ALIGNMENT(.z_device_APPLICATION[1-9][0-9]_*)))
                0x000000000000952c                __device_SMP_start = .
 *(SORT_BY_NAME(SORT_BY_ALIGNMENT(.z_device_SMP[0-9]_*)))
 *(SORT_BY_NAME(SORT_BY_ALIGNMENT(.z_device_SMP[1-9][0-9]_*)))
                0x000000000000952c                __device_end = .

sw_isr_table    0x000000000000952c      0x138
                0x000000000000952c                . = ALIGN (0x4)
 *(SORT_BY_ALIGNMENT(.gnu.linkonce.sw_isr_table*))
 .gnu.linkonce.sw_isr_table
                0x000000000000952c      0x138 zephyr/CMakeFiles/zephyr_final.dir/isr_tables.c.obj
                0x000000000000952c                _sw_isr_table

initlevel_error
                0x00000000000093dc        0x0
 *(SORT_BY_NAME(SORT_BY_ALIGNMENT(.z_init_[_A-Z0-9]*)))
                0x0000000000000001                ASSERT ((SIZEOF (initlevel_error) == 0x0), Undefined initialization levels used.)

app_shmem_regions
                0x0000000000009664        0x0
                0x0000000000009664                __app_shmem_regions_start = .
 *(SORT_BY_NAME(SORT_BY_ALIGNMENT(.app_regions.*)))
                0x0000000000009664                __app_shmem_regions_end = .

k_p4wq_initparam_area
                0x0000000000009664        0x0
                0x0000000000009664                _k_p4wq_initparam_list_start = .
 *(SORT_BY_NAME(SORT_BY_ALIGNMENT(._k_p4wq_initparam.static.*)))
                0x0000000000009664                _k_p4wq_initparam_list_end = .

_static_thread_data_area
                0x0000000000009664        0x0
                0x0000000000009664                __static_thread_data_list_start = .
 *(SORT_BY_NAME(SORT_BY_ALIGNMENT(.__static_thread_data.static.*)))
                0x0000000000009664                __static_thread_data_list_end = .

device_handles  0x0000000000009664       0x46
                0x0000000000009664                __device_handles_start = .
 *(SORT_BY_NAME(SORT_BY_ALIGNMENT(.__device_handles_pass2*)))
 .__device_handles_pass2
                0x0000000000009664       0x46 zephyr/CMakeFiles/zephyr_final.dir/dev_handles.c.obj
                0x0000000000009664                __devicehdl_dts_ord_12
                0x000000000000966e                __devicehdl_dts_ord_80
                0x0000000000009674                __devicehdl_dts_ord_11
                0x000000000000967c                __devicehdl_dts_ord_92
                0x0000000000009682                __devicehdl_dts_ord_6
                0x000000000000968c                __devicehdl_dts_ord_15
                0x0000000000009694                __devicehdl_dts_ord_77
                0x000000000000969a                __devicehdl_dts_ord_5
                0x00000000000096a4                __devicehdl_dts_ord_41
                0x00000000000096aa                __device_handles_end = .

ztest           0x00000000000096aa        0x0
                0x00000000000096aa                _ztest_expected_result_entry_list_start = .
 *(SORT_BY_NAME(SORT_BY_ALIGNMENT(._ztest_expected_result_entry.static.*)))
                0x00000000000096aa                _ztest_expected_result_entry_list_end = .
                0x00000000000096aa                _ztest_suite_node_list_start = .
 *(SORT_BY_NAME(SORT_BY_ALIGNMENT(._ztest_suite_node.static.*)))
                0x00000000000096aa                _ztest_suite_node_list_end = .
                0x00000000000096aa                _ztest_unit_test_list_start = .
 *(SORT_BY_NAME(SORT_BY_ALIGNMENT(._ztest_unit_test.static.*)))
                0x00000000000096aa                _ztest_unit_test_list_end = .
                0x00000000000096aa                _ztest_test_rule_list_start = .
 *(SORT_BY_NAME(SORT_BY_ALIGNMENT(._ztest_test_rule.static.*)))
                0x00000000000096aa                _ztest_test_rule_list_end = .

bt_l2cap_fixed_chan_area
                0x00000000000096aa        0x0
                0x00000000000096aa                _bt_l2cap_fixed_chan_list_start = .
 *(SORT_BY_NAME(SORT_BY_ALIGNMENT(._bt_l2cap_fixed_chan.static.*)))
                0x00000000000096aa                _bt_l2cap_fixed_chan_list_end = .

bt_gatt_service_static_area
                0x00000000000096aa        0x0
                0x00000000000096aa                _bt_gatt_service_static_list_start = .
 *(SORT_BY_NAME(SORT_BY_ALIGNMENT(._bt_gatt_service_static.static.*)))
                0x00000000000096aa                _bt_gatt_service_static_list_end = .

log_strings_sections
                0x00000000000096aa        0x0
                0x00000000000096aa                __log_strings_start = .
 *(SORT_BY_NAME(SORT_BY_ALIGNMENT(.log_strings*)))
                0x00000000000096aa                __log_strings_end = .

log_const_sections
                0x00000000000096ac       0x68
                0x00000000000096ac                __log_const_start = .
 *(SORT_BY_NAME(SORT_BY_ALIGNMENT(.log_const_*)))
 .log_const_cbprintf_package
                0x00000000000096ac        0x8 zephyr/libzephyr.a(cbprintf_packaged.c.obj)
                0x00000000000096ac                log_const_cbprintf_package
 .log_const_clock_control
                0x00000000000096b4        0x8 zephyr/drivers/clock_control/libdrivers__clock_control.a(clock_control_nrf.c.obj)
                0x00000000000096b4                log_const_clock_control
 .log_const_fatal_error
                0x00000000000096bc        0x8 modules/nrf/lib/fatal_error/lib..__nrf__lib__fatal_error.a(fatal_error.c.obj)
                0x00000000000096bc                log_const_fatal_error
 .log_const_flash_nrf
                0x00000000000096c4        0x8 zephyr/drivers/flash/libdrivers__flash.a(soc_flash_nrf.c.obj)
                0x00000000000096c4                log_const_flash_nrf
 .log_const_i2c
                0x00000000000096cc        0x8 zephyr/drivers/i2c/libdrivers__i2c.a(i2c_common.c.obj)
                0x00000000000096cc                log_const_i2c
 .log_const_i2c_nrfx_twim
                0x00000000000096d4        0x8 zephyr/drivers/i2c/libdrivers__i2c.a(i2c_nrfx_twim.c.obj)
                0x00000000000096d4                log_const_i2c_nrfx_twim
 .log_const_mcuboot
                0x00000000000096dc        0x8 app/libapp.a(main.c.obj)
                0x00000000000096dc                log_const_mcuboot
 .log_const_mpu
                0x00000000000096e4        0x8 zephyr/arch/arch/arm/core/aarch32/mpu/libarch__arm__core__aarch32__mpu.a(arm_core_mpu.c.obj)
                0x00000000000096e4                log_const_mpu
 .log_const_os  0x00000000000096ec        0x8 zephyr/kernel/libkernel.a(init.c.obj)
                0x00000000000096ec                log_const_os
 .log_const_regulator_fixed
                0x00000000000096f4        0x8 zephyr/drivers/regulator/libdrivers__regulator.a(regulator_fixed.c.obj)
                0x00000000000096f4                log_const_regulator_fixed
 .log_const_soc
                0x00000000000096fc        0x8 zephyr/soc/arm/nordic_nrf/nrf52/libsoc__arm__nordic_nrf__nrf52.a(soc.c.obj)
                0x00000000000096fc                log_const_soc
 .log_const_sx1509b
                0x0000000000009704        0x8 zephyr/drivers/gpio/libdrivers__gpio.a(gpio_sx1509b.c.obj)
                0x0000000000009704                log_const_sx1509b
 .log_const_uart_nrfx_uarte
                0x000000000000970c        0x8 zephyr/drivers/serial/libdrivers__serial.a(uart_nrfx_uarte.c.obj)
                0x000000000000970c                log_const_uart_nrfx_uarte
                0x0000000000009714                __log_const_end = .

log_backend_area
                0x0000000000009714        0x0
                0x0000000000009714                _log_backend_list_start = .
 *(SORT_BY_NAME(SORT_BY_ALIGNMENT(._log_backend.static.*)))
                0x0000000000009714                _log_backend_list_end = .

log_link_area   0x0000000000009714        0x0
                0x0000000000009714                _log_link_list_start = .
 *(SORT_BY_NAME(SORT_BY_ALIGNMENT(._log_link.static.*)))
                0x0000000000009714                _log_link_list_end = .

tracing_backend_area
                0x0000000000009714        0x0
                0x0000000000009714                _tracing_backend_list_start = .
 *(SORT_BY_NAME(SORT_BY_ALIGNMENT(._tracing_backend.static.*)))
                0x0000000000009714                _tracing_backend_list_end = .

zephyr_dbg_info
 *(SORT_BY_ALIGNMENT(.dbg_thread_info))

symbol_to_keep  0x0000000000009714        0x0
                0x0000000000009714                __symbol_to_keep_start = .
 *(SORT_BY_NAME(SORT_BY_ALIGNMENT(.symbol_to_keep*)))
                0x0000000000009714                __symbol_to_keep_end = .

shell_area      0x0000000000009714        0x0
                0x0000000000009714                _shell_list_start = .
 *(SORT_BY_NAME(SORT_BY_ALIGNMENT(._shell.static.*)))
                0x0000000000009714                _shell_list_end = .

shell_root_cmds_sections
                0x0000000000009714        0x0
                0x0000000000009714                __shell_root_cmds_start = .
 *(SORT_BY_NAME(SORT_BY_ALIGNMENT(.shell_root_cmd_*)))
                0x0000000000009714                __shell_root_cmds_end = .

shell_subcmds_sections
                0x0000000000009714        0x0
                0x0000000000009714                __shell_subcmds_start = .
 *(SORT_BY_NAME(SORT_BY_ALIGNMENT(.shell_subcmd_*)))
                0x0000000000009714                __shell_subcmds_end = .

shell_dynamic_subcmds_sections
                0x0000000000009714        0x0
                0x0000000000009714                __shell_dynamic_subcmds_start = .
 *(SORT_BY_NAME(SORT_BY_ALIGNMENT(.shell_dynamic_subcmd_*)))
                0x0000000000009714                __shell_dynamic_subcmds_end = .

font_entry_sections
                0x0000000000009714        0x0
                0x0000000000009714                __font_entry_start = .
 *(SORT_BY_NAME(SORT_BY_ALIGNMENT(._cfb_font.*)))
                0x0000000000009714                __font_entry_end = .

rodata          0x0000000000009720     0x13c0
 *(SORT_BY_ALIGNMENT(.rodata))
 *(SORT_BY_ALIGNMENT(.rodata.*))
 .rodata.delay_machine_code.0
                0x0000000000009720        0x6 zephyr/soc/arm/nordic_nrf/nrf52/libsoc__arm__nordic_nrf__nrf52.a(soc.c.obj)
 *fill*         0x0000000000009726        0x2 
 .rodata.bootutil_key_cnt
                0x0000000000009728        0x4 app/libapp.a(keys.c.obj)
                0x0000000000009728                bootutil_key_cnt
 .rodata.bootutil_keys
                0x000000000000972c        0x8 app/libapp.a(keys.c.obj)
                0x000000000000972c                bootutil_keys
 .rodata.rsa_pub_key_len
                0x0000000000009734        0x4 app/libapp.a(autogen-pubkey.c.obj)
                0x0000000000009734                rsa_pub_key_len
 .rodata.flash_map_entries
                0x0000000000009738        0x4 zephyr/libzephyr.a(flash_map_partition_manager.c.obj)
                0x0000000000009738                flash_map_entries
 .rodata.default_flash_map
                0x000000000000973c       0x60 zephyr/libzephyr.a(flash_map_partition_manager.c.obj)
                0x000000000000973c                default_flash_map
 .rodata.static_regions
                0x000000000000979c        0xc zephyr/arch/arch/arm/core/aarch32/mpu/libarch__arm__core__aarch32__mpu.a(arm_core_mpu.c.obj)
 .rodata.mpu_config
                0x00000000000097a8        0x8 zephyr/soc/arm/common/cortex_m/libsoc__arm__common__cortex_m.a(arm_mpu_regions.c.obj)
                0x00000000000097a8                mpu_config
 .rodata.mpu_regions
                0x00000000000097b0       0x18 zephyr/soc/arm/common/cortex_m/libsoc__arm__common__cortex_m.a(arm_mpu_regions.c.obj)
 .rodata.transitions.0
                0x00000000000097c8        0xc zephyr/drivers/clock_control/libdrivers__clock_control.a(clock_control_nrf.c.obj)
 .rodata.config
                0x00000000000097d4       0x18 zephyr/drivers/clock_control/libdrivers__clock_control.a(clock_control_nrf.c.obj)
 .rodata.clock_control_api
                0x00000000000097ec       0x1c zephyr/drivers/clock_control/libdrivers__clock_control.a(clock_control_nrf.c.obj)
 .rodata.gpio_nrfx_p0_cfg
                0x0000000000009808       0x10 zephyr/drivers/gpio/libdrivers__gpio.a(gpio_nrfx.c.obj)
 .rodata.gpio_nrfx_drv_api_funcs
                0x0000000000009818       0x24 zephyr/drivers/gpio/libdrivers__gpio.a(gpio_nrfx.c.obj)
 .rodata.sx1509b_cfg
                0x000000000000983c        0xc zephyr/drivers/gpio/libdrivers__gpio.a(gpio_sx1509b.c.obj)
 .rodata.api_table